Microchip MPLAB XC8 Compiler V2.10 ()

Linker command line:

-W-3 --edf=C:\Program Files (x86)\Microchip\xc8\v2.10\pic\dat\en_msgs.txt \
  -cs -h+dist/default/debug\Dimmer-TPTECHS.debug.sym \
  --cmf=dist/default/debug\Dimmer-TPTECHS.debug.cmf -z -Q16LF1559 \
  -oC:\Users\DUYNGO~1\AppData\Local\Temp\s1u4.2 --defsym=__MPLAB_BUILD=1 \
  -Mdist/default/debug/Dimmer-TPTECHS.debug.map -E1 -ver=XC8 --acfsm=1493 \
  -ASTACK=021D0h-021EFh -pstack=STACK -ACODE=00h-07FFhx4 \
  -ASTRCODE=00h-01FFFh -ASTRING=00h-0FFhx32 -ACONST=00h-0FFhx32 \
  -AENTRY=00h-0FFhx32 -ACOMMON=070h-07Fh -ABANK0=020h-06Fh \
  -ABANK1=0A0h-0EFh -ABANK2=0120h-016Fh -ABANK3=01A0h-01EFh \
  -ABANK4=0220h-026Fh -ABANK5=02A0h-02EFh -ABANK6=0320h-032Fh \
  -ABIGRAM=02000h-021EFh \
  -ARAM=020h-06Fh,0A0h-0EFh,0120h-016Fh,01A0h-01EFh,0220h-026Fh,02A0h-02EFh,0320h-032Fh \
  -AABS1=020h-07Fh,0A0h-0EFh,0120h-016Fh,01A0h-01EFh,0220h-026Fh,02A0h-02EFh,0320h-032Fh \
  -ASFR0=00h-01Fh -ASFR1=080h-09Fh -ASFR2=0100h-011Fh -ASFR3=0180h-019Fh \
  -ASFR4=0200h-021Fh -ASFR5=0280h-029Fh -ASFR6=0300h-031Fh \
  -ASFR7=0380h-03EFh -ASFR8=0400h-046Fh -ASFR9=0480h-04EFh \
  -ASFR10=0500h-056Fh -ASFR11=0580h-05EFh -ASFR12=0600h-066Fh \
  -ASFR13=0680h-06EFh -ASFR14=0700h-076Fh -ASFR15=0780h-07EFh \
  -ASFR16=0800h-086Fh -ASFR17=0880h-08EFh -ASFR18=0900h-096Fh \
  -ASFR19=0980h-09EFh -ASFR20=0A00h-0A6Fh -ASFR21=0A80h-0AEFh \
  -ASFR22=0B00h-0B6Fh -ASFR23=0B80h-0BEFh -ASFR24=0C00h-0C6Fh \
  -ASFR25=0C80h-0CEFh -ASFR26=0D00h-0D6Fh -ASFR27=0D80h-0DEFh \
  -ASFR28=0E00h-0E6Fh -ASFR29=0E80h-0EEFh -ASFR30=0F00h-0F6Fh \
  -ASFR31=0F80h-0FEFh -preset_vec=00h,intentry=04h,init,end_init \
  -ppowerup=CODE -pcinit=CODE -pfunctab=ENTRY -ACONFIG=08007h-08008h \
  -pconfig=CONFIG -DCONFIG=2 -AIDLOC=08000h-08003h -pidloc=IDLOC -DIDLOC=2 \
  -DCODE=2 -DSTRCODE=2 -DSTRING=2 -DCONST=2 -DENTRY=2 -k \
  C:\Users\DUYNGO~1\AppData\Local\Temp\s1u4.o \
  dist/default/debug\Dimmer-TPTECHS.debug.o 

Object code version is 3.11

Machine type is 16LF1559



                Name                               Link     Load   Length Selector   Space Scale
C:\Users\DUYNGO~1\AppData\Local\Temp\s1u4.o
                end_init                             46       46        2        8       0
                reset_vec                             0        0        2        0       0
                config                             8007     8007        2    1000E       0
dist/default/debug\Dimmer-TPTECHS.debug.o
                cinit                                48       48       57        8       0
                intentry                              4        4       42        8       0
                text120                            157E     157E       23     2AFC       0
                text119                            10AD     10AD        1     215A       0
                text118                            1224     1224       12     2448       0
                text117                            10E1     10E1        5     21C2       0
                text116                            15C6     15C6       27     2B8C       0
                text115                            1339     1339       1A     2672       0
                text114                            10CD     10CD        4     219A       0
                text113                            10AE     10AE        1     215C       0
                text112                            10D1     10D1        4     21A2       0
                text111                            10B4     10B4        2     2168       0
                text110                            1789     1789       3A     2F12       0
                text109                            17C3     17C3       3D     2F86       0
                text108                            10AF     10AF        1     215E       0
                text107                            1480     1480       1F     2900       0
                text106                             85B      85B       47     10B6       0
                text104                            10B8     10B8        3     2170       0
                text103                            10BB     10BB        3     2176       0
                text102                            110C     110C        9     2218       0
                text101                            10D5     10D5        4     21AA       0
                text100                            10E6     10E6        5     21CC       0
                text99                             10B6     10B6        2     216C       0
                text98                             1115     1115        9     222A       0
                text97                             163B     163B       2A     2C76       0
                text96                             14FC     14FC       20     29F8       0
                text95                             149F     149F       1F     293E       0
                text94                             10BE     10BE        3     217C       0
                text93                             10C1     10C1        3     2182       0
                text92                             10C4     10C4        3     2188       0
                text91                             15ED     15ED       27     2BDA       0
                text90                             111E     111E        9     223C       0
                text89                             1127     1127        9     224E       0
                text88                              C53      C53       8B     18A6       0
                text87                             1294     1294       16     2528       0
                text86                             1428     1428       1D     2850       0
                text85                              984      984       54     1308       0
                text84                             1236     1236       12     246C       0
                text83                             16BD     16BD       2F     2D7A       0
                text82                              CDE      CDE       92     19BC       0
                text81                             12AA     12AA       16     2554       0
                text80                             1751     1751       38     2EA2       0
                text79                             14BE     14BE       1F     297C       0
                text78                             15A1     15A1       25     2B42       0
                text77                             11C5     11C5        E     238A       0
                text76                              8E9      8E9       4D     11D2       0
                text75                             12D6     12D6       18     25AC       0
                text74                             10B0     10B0        1     2160       0
                text73                             10FD     10FD        7     21FA       0
                text72                              AF5      AF5       6C     15EA       0
                text71                              A8F      A8F       66     151E       0
                text70                              74E      74E       AD        8       0
                text69                             1353     1353       1A     26A6       0
                text68                             1202     1202       11     2404       0
                text67                              9D8      9D8       5B     13B0       0
                text66                             1248     1248       12     2490       0
                text65                             11E2     11E2       10     23C4       0
                text64                             171C     171C       35     2E38       0
                text63                             118A     118A        A     2314       0
                text62                             11F2     11F2       10     23E4       0
                text61                             11D3     11D3        F     23A6       0
                text60                             13F0     13F0       1C     27E0       0
                text59                              E0D      E0D       A5     1C1A       0
                text58                             1213     1213       11     2426       0
                text57                             126C     126C       14     24D8       0
                text56                             1194     1194        B     2328       0
                text55                              67C      67C       D2        8       0
                text54                              7FB      7FB        5        8       0
                text53                             10C7     10C7        3     218E       0
                text52                             10CA     10CA        3     2194       0
                text51                              446      446      236        8       0
                text50                              BD2      BD2       81     17A4       0
                text49                             1130     1130        9     2260       0
                text48                             1139     1139        9     2272       0
                text47                              818      818       43     1030       0
                text46                              B61      B61       71     16C2       0
                text45                             10B1     10B1        1     2162       0
                text44                             1665     1665       2C     2CCA       0
                text43                             1142     1142        9     2284       0
                text42                              D70      D70       9D     1AE0       0
                text41                             136D     136D       1A     26DA       0
                text40                             114B     114B        9     2296       0
                text39                             151C     151C       20     2A38       0
                text38                             1691     1691       2C     2D22       0
                text37                             1387     1387       1A     270E       0
                text36                             10D9     10D9        4     21B2       0
                text35                                2        2        2        0       0
                text34                             1462     1462       1E     28C4       0
                text33                             1280     1280       14     2500       0
                text32                             1154     1154        9     22A8       0
                text31                             115D     115D        9     22BA       0
                text30                             1166     1166        9     22CC       0
                text29                             116F     116F        9     22DE       0
                text28                              8A2      8A2       47     1144       0
                text27                             1178     1178        9     22F0       0
                text26                             11AB     11AB        D     2356       0
                text25                             16EC     16EC       30     2DD8       0
                text24                             14DD     14DD       1F     29BA       0
                text23                             12C0     12C0       16     2580       0
                text22                             12EE     12EE       19     25DC       0
                text21                             125A     125A       12     24B4       0
                text20                             11B8     11B8        D     2370       0
                text19                             10EB     10EB        6     21D6       0
                text18                             140C     140C       1C     2818       0
                text17                             1181     1181        9     2302       0
                text16                              800      800       18     1000       0
                text15                             1104     1104        8     2208       0
                text14                             10DD     10DD        4     21BA       0
                text13                             1307     1307       19     260E       0
                text12                             153C     153C       20     2A78       0
                text11                             1320     1320       19     2640       0
                text10                             155C     155C       22     2AB8       0
                text9                               F57      F57       A9     1EAE       0
                text8                              1445     1445       1D     288A       0
                text7                               EB2      EB2       A5     1D64       0
                text6                              1614     1614       27     2C28       0
                text5                              13A1     13A1       1A     2742       0
                text4                              13BB     13BB       1A     2776       0
                text3                               A33      A33       5C     1466       0
                text2                               936      936       4E     126C       0
                text1                              10B2     10B2        1     2164       0
                maintext                             9F       9F      3A7        8       0
                cstackBANK0                          20       20       35       20       1
                cstackCOMMON                         77       77        7       70       1
                clrtext                            10F1     10F1        6     21E2       0
                inittext                           10F7     10F7        6     21EE       0
                bssBANK5                            2A0      2A0       40      2A0       1
                bssBANK4                            220      220       40      220       1
                bssBANK3                            1A0      1A0       40      1A0       1
                dataBANK2                           150      150       1B      120       1
                bssBANK2                            120      120       30      120       1
                dataBANK1                            E4       E4        C       A0       1
                bssBANK1                             A0       A0       38       A0       1
                dataBANK0                            6F       6F        1       20       1
                bssBANK0                             55       55       1A       20       1
                bssCOMMON                            70       70        7       70       1
                stringtext7                        1867     1867        6     3000       0
                stringtext6                        1856     1856       11     3000       0
                stringtext5                        1844     1844       12     3000       0
                nvBANK2                             16B      16B        4      120       1
                nvBANK1                              D8       D8        C       A0       1
                stringtext4                        1800     1800       30     3000       0
                stringtext3                        1872     1872        4     3000       0
                stringtext2                        186D     186D        5     3000       0
                stringtext1                        1830     1830       14     3000       0
                idataBANK2                         13D5     13D5       1B     27AA       0
                idataBANK1                         119F     119F        C     233E       0
                idataBANK0                         10B3     10B3        1     2166       0

TOTAL           Name                               Link     Load   Length     Space
        CLASS   STACK          

        CLASS   CODE           
                end_init                             46       46        2         0
                cinit                                48       48       57         0
                intentry                              4        4       42         0
                reset_vec                             0        0        2         0
                text120                            157E     157E       23         0
                text119                            10AD     10AD        1         0
                text118                            1224     1224       12         0
                text117                            10E1     10E1        5         0
                text116                            15C6     15C6       27         0
                text115                            1339     1339       1A         0
                text114                            10CD     10CD        4         0
                text113                            10AE     10AE        1         0
                text112                            10D1     10D1        4         0
                text111                            10B4     10B4        2         0
                text110                            1789     1789       3A         0
                text109                            17C3     17C3       3D         0
                text108                            10AF     10AF        1         0
                text107                            1480     1480       1F         0
                text106                             85B      85B       47         0
                text104                            10B8     10B8        3         0
                text103                            10BB     10BB        3         0
                text102                            110C     110C        9         0
                text101                            10D5     10D5        4         0
                text100                            10E6     10E6        5         0
                text99                             10B6     10B6        2         0
                text98                             1115     1115        9         0
                text97                             163B     163B       2A         0
                text96                             14FC     14FC       20         0
                text95                             149F     149F       1F         0
                text94                             10BE     10BE        3         0
                text93                             10C1     10C1        3         0
                text92                             10C4     10C4        3         0
                text91                             15ED     15ED       27         0
                text90                             111E     111E        9         0
                text89                             1127     1127        9         0
                text88                              C53      C53       8B         0
                text87                             1294     1294       16         0
                text86                             1428     1428       1D         0
                text85                              984      984       54         0
                text84                             1236     1236       12         0
                text83                             16BD     16BD       2F         0
                text82                              CDE      CDE       92         0
                text81                             12AA     12AA       16         0
                text80                             1751     1751       38         0
                text79                             14BE     14BE       1F         0
                text78                             15A1     15A1       25         0
                text77                             11C5     11C5        E         0
                text76                              8E9      8E9       4D         0
                text75                             12D6     12D6       18         0
                text74                             10B0     10B0        1         0
                text73                             10FD     10FD        7         0
                text72                              AF5      AF5       6C         0
                text71                              A8F      A8F       66         0
                text70                              74E      74E       AD         0
                text69                             1353     1353       1A         0
                text68                             1202     1202       11         0
                text67                              9D8      9D8       5B         0
                text66                             1248     1248       12         0
                text65                             11E2     11E2       10         0
                text64                             171C     171C       35         0
                text63                             118A     118A        A         0
                text62                             11F2     11F2       10         0
                text61                             11D3     11D3        F         0
                text60                             13F0     13F0       1C         0
                text59                              E0D      E0D       A5         0
                text58                             1213     1213       11         0
                text57                             126C     126C       14         0
                text56                             1194     1194        B         0
                text55                              67C      67C       D2         0
                text54                              7FB      7FB        5         0
                text53                             10C7     10C7        3         0
                text52                             10CA     10CA        3         0
                text51                              446      446      236         0
                text50                              BD2      BD2       81         0
                text49                             1130     1130        9         0
                text48                             1139     1139        9         0
                text47                              818      818       43         0
                text46                              B61      B61       71         0
                text45                             10B1     10B1        1         0
                text44                             1665     1665       2C         0
                text43                             1142     1142        9         0
                text42                              D70      D70       9D         0
                text41                             136D     136D       1A         0
                text40                             114B     114B        9         0
                text39                             151C     151C       20         0
                text38                             1691     1691       2C         0
                text37                             1387     1387       1A         0
                text36                             10D9     10D9        4         0
                text35                                2        2        2         0
                text34                             1462     1462       1E         0
                text33                             1280     1280       14         0
                text32                             1154     1154        9         0
                text31                             115D     115D        9         0
                text30                             1166     1166        9         0
                text29                             116F     116F        9         0
                text28                              8A2      8A2       47         0
                text27                             1178     1178        9         0
                text26                             11AB     11AB        D         0
                text25                             16EC     16EC       30         0
                text24                             14DD     14DD       1F         0
                text23                             12C0     12C0       16         0
                text22                             12EE     12EE       19         0
                text21                             125A     125A       12         0
                text20                             11B8     11B8        D         0
                text19                             10EB     10EB        6         0
                text18                             140C     140C       1C         0
                text17                             1181     1181        9         0
                text16                              800      800       18         0
                text15                             1104     1104        8         0
                text14                             10DD     10DD        4         0
                text13                             1307     1307       19         0
                text12                             153C     153C       20         0
                text11                             1320     1320       19         0
                text10                             155C     155C       22         0
                text9                               F57      F57       A9         0
                text8                              1445     1445       1D         0
                text7                               EB2      EB2       A5         0
                text6                              1614     1614       27         0
                text5                              13A1     13A1       1A         0
                text4                              13BB     13BB       1A         0
                text3                               A33      A33       5C         0
                text2                               936      936       4E         0
                text1                              10B2     10B2        1         0
                maintext                             9F       9F      3A7         0
                clrtext                            10F1     10F1        6         0
                inittext                           10F7     10F7        6         0
                idataBANK2                         13D5     13D5       1B         0
                idataBANK1                         119F     119F        C         0
                idataBANK0                         10B3     10B3        1         0

        CLASS   STRCODE        
                stringtext7                        1867     1867        6         0
                stringtext6                        1856     1856       11         0
                stringtext5                        1844     1844       12         0
                stringtext4                        1800     1800       30         0
                stringtext3                        1872     1872        4         0
                stringtext2                        186D     186D        5         0
                stringtext1                        1830     1830       14         0

        CLASS   STRING         

        CLASS   CONST          

        CLASS   ENTRY          

        CLASS   COMMON         
                cstackCOMMON                         77       77        7         1
                bssCOMMON                            70       70        7         1

        CLASS   BANK0          
                cstackBANK0                          20       20       35         1
                dataBANK0                            6F       6F        1         1
                bssBANK0                             55       55       1A         1

        CLASS   BANK1          
                dataBANK1                            E4       E4        C         1
                bssBANK1                             A0       A0       38         1
                nvBANK1                              D8       D8        C         1

        CLASS   BANK2          
                dataBANK2                           150      150       1B         1
                bssBANK2                            120      120       30         1
                nvBANK2                             16B      16B        4         1

        CLASS   BANK3          
                bssBANK3                            1A0      1A0       40         1

        CLASS   BANK4          
                bssBANK4                            220      220       40         1

        CLASS   BANK5          
                bssBANK5                            2A0      2A0       40         1

        CLASS   BANK6          

        CLASS   BIGRAM         

        CLASS   RAM            

        CLASS   ABS1           
                abs_s1                               7E       7E        2         1

        CLASS   SFR0           

        CLASS   SFR1           

        CLASS   SFR2           

        CLASS   SFR3           

        CLASS   SFR4           

        CLASS   SFR5           

        CLASS   SFR6           

        CLASS   SFR7           

        CLASS   SFR8           

        CLASS   SFR9           

        CLASS   SFR10          

        CLASS   SFR11          

        CLASS   SFR12          

        CLASS   SFR13          

        CLASS   SFR14          

        CLASS   SFR15          

        CLASS   SFR16          

        CLASS   SFR17          

        CLASS   SFR18          

        CLASS   SFR19          

        CLASS   SFR20          

        CLASS   SFR21          

        CLASS   SFR22          

        CLASS   SFR23          

        CLASS   SFR24          

        CLASS   SFR25          

        CLASS   SFR26          

        CLASS   SFR27          

        CLASS   SFR28          

        CLASS   SFR29          

        CLASS   SFR30          

        CLASS   SFR31          

        CLASS   CONFIG         
                config                             8007     8007        2         0

        CLASS   IDLOC          

        CLASS   BANK31         

        CLASS   BANK30         

        CLASS   BANK29         

        CLASS   BANK28         

        CLASS   BANK27         

        CLASS   BANK26         

        CLASS   BANK25         

        CLASS   BANK24         

        CLASS   BANK23         

        CLASS   BANK22         

        CLASS   BANK21         

        CLASS   BANK20         

        CLASS   BANK19         

        CLASS   BANK18         

        CLASS   BANK17         

        CLASS   BANK16         

        CLASS   BANK15         

        CLASS   BANK14         

        CLASS   BANK13         

        CLASS   BANK12         

        CLASS   BANK11         

        CLASS   BANK10         

        CLASS   BANK9          

        CLASS   BANK8          

        CLASS   BANK7          

        CLASS   EEDATA         



SEGMENTS        Name                           Load    Length   Top    Selector   Space  Class     Delta

                reset_vec                      000000  000004  000004         0       0  CODE        2
                intentry                       000004  0007FC  000800         8       0  CODE        2
                cstackBANK0                    000020  000050  000070        20       1  BANK0       1
                bssCOMMON                      000070  00000E  00007E        70       1  COMMON      1
                bssBANK1                       0000A0  000050  0000F0        A0       1  BANK1       1
                bssBANK2                       000120  00004F  00016F       120       1  BANK2       1
                bssBANK3                       0001A0  000040  0001E0       1A0       1  BANK3       1
                bssBANK4                       000220  000040  000260       220       1  BANK4       1
                bssBANK5                       0002A0  000040  0002E0       2A0       1  BANK5       1
                text16                         000800  000018  000818      1000       0  CODE        2
                text47                         000818  000043  00085B      1030       0  CODE        2
                text106                        00085B  000047  0008A2      10B6       0  CODE        2
                text28                         0008A2  000047  0008E9      1144       0  CODE        2
                text76                         0008E9  00004D  000936      11D2       0  CODE        2
                text2                          000936  00004E  000984      126C       0  CODE        2
                text85                         000984  000054  0009D8      1308       0  CODE        2
                text67                         0009D8  00005B  000A33      13B0       0  CODE        2
                text3                          000A33  00005C  000A8F      1466       0  CODE        2
                text71                         000A8F  000066  000AF5      151E       0  CODE        2
                text72                         000AF5  00006C  000B61      15EA       0  CODE        2
                text46                         000B61  000071  000BD2      16C2       0  CODE        2
                text50                         000BD2  000081  000C53      17A4       0  CODE        2
                text88                         000C53  00008B  000CDE      18A6       0  CODE        2
                text82                         000CDE  000092  000D70      19BC       0  CODE        2
                text42                         000D70  00009D  000E0D      1AE0       0  CODE        2
                text59                         000E0D  0000A5  000EB2      1C1A       0  CODE        2
                text7                          000EB2  0000A5  000F57      1D64       0  CODE        2
                text9                          000F57  0000A9  001000      1EAE       0  CODE        2
                text119                        0010AD  000001  0010AE      215A       0  CODE        2
                text113                        0010AE  000001  0010AF      215C       0  CODE        2
                text108                        0010AF  000001  0010B0      215E       0  CODE        2
                text74                         0010B0  000001  0010B1      2160       0  CODE        2
                text45                         0010B1  000001  0010B2      2162       0  CODE        2
                text1                          0010B2  000001  0010B3      2164       0  CODE        2
                idataBANK0                     0010B3  000001  0010B4      2166       0  CODE        2
                text111                        0010B4  000002  0010B6      2168       0  CODE        2
                text99                         0010B6  000002  0010B8      216C       0  CODE        2
                text104                        0010B8  000003  0010BB      2170       0  CODE        2
                text103                        0010BB  000003  0010BE      2176       0  CODE        2
                text94                         0010BE  000003  0010C1      217C       0  CODE        2
                text93                         0010C1  000003  0010C4      2182       0  CODE        2
                text92                         0010C4  000003  0010C7      2188       0  CODE        2
                text53                         0010C7  000003  0010CA      218E       0  CODE        2
                text52                         0010CA  000003  0010CD      2194       0  CODE        2
                text114                        0010CD  000004  0010D1      219A       0  CODE        2
                text112                        0010D1  000004  0010D5      21A2       0  CODE        2
                text101                        0010D5  000004  0010D9      21AA       0  CODE        2
                text36                         0010D9  000004  0010DD      21B2       0  CODE        2
                text14                         0010DD  000004  0010E1      21BA       0  CODE        2
                text117                        0010E1  000005  0010E6      21C2       0  CODE        2
                text100                        0010E6  000005  0010EB      21CC       0  CODE        2
                text19                         0010EB  000006  0010F1      21D6       0  CODE        2
                clrtext                        0010F1  000006  0010F7      21E2       0  CODE        2
                inittext                       0010F7  000006  0010FD      21EE       0  CODE        2
                text73                         0010FD  000007  001104      21FA       0  CODE        2
                text15                         001104  000008  00110C      2208       0  CODE        2
                text102                        00110C  000009  001115      2218       0  CODE        2
                text98                         001115  000009  00111E      222A       0  CODE        2
                text90                         00111E  000009  001127      223C       0  CODE        2
                text89                         001127  000009  001130      224E       0  CODE        2
                text49                         001130  000009  001139      2260       0  CODE        2
                text48                         001139  000009  001142      2272       0  CODE        2
                text43                         001142  000009  00114B      2284       0  CODE        2
                text40                         00114B  000009  001154      2296       0  CODE        2
                text32                         001154  000009  00115D      22A8       0  CODE        2
                text31                         00115D  000009  001166      22BA       0  CODE        2
                text30                         001166  000009  00116F      22CC       0  CODE        2
                text29                         00116F  000009  001178      22DE       0  CODE        2
                text27                         001178  000009  001181      22F0       0  CODE        2
                text17                         001181  000009  00118A      2302       0  CODE        2
                text63                         00118A  00000A  001194      2314       0  CODE        2
                text56                         001194  00000B  00119F      2328       0  CODE        2
                idataBANK1                     00119F  00000C  0011AB      233E       0  CODE        2
                text26                         0011AB  00000D  0011B8      2356       0  CODE        2
                text20                         0011B8  00000D  0011C5      2370       0  CODE        2
                text77                         0011C5  00000E  0011D3      238A       0  CODE        2
                text61                         0011D3  00000F  0011E2      23A6       0  CODE        2
                text65                         0011E2  000010  0011F2      23C4       0  CODE        2
                text62                         0011F2  000010  001202      23E4       0  CODE        2
                text68                         001202  000011  001213      2404       0  CODE        2
                text58                         001213  000011  001224      2426       0  CODE        2
                text118                        001224  000012  001236      2448       0  CODE        2
                text84                         001236  000012  001248      246C       0  CODE        2
                text66                         001248  000012  00125A      2490       0  CODE        2
                text21                         00125A  000012  00126C      24B4       0  CODE        2
                text57                         00126C  000014  001280      24D8       0  CODE        2
                text33                         001280  000014  001294      2500       0  CODE        2
                text87                         001294  000016  0012AA      2528       0  CODE        2
                text81                         0012AA  000016  0012C0      2554       0  CODE        2
                text23                         0012C0  000016  0012D6      2580       0  CODE        2
                text75                         0012D6  000018  0012EE      25AC       0  CODE        2
                text22                         0012EE  000019  001307      25DC       0  CODE        2
                text13                         001307  000019  001320      260E       0  CODE        2
                text11                         001320  000019  001339      2640       0  CODE        2
                text115                        001339  00001A  001353      2672       0  CODE        2
                text69                         001353  00001A  00136D      26A6       0  CODE        2
                text41                         00136D  00001A  001387      26DA       0  CODE        2
                text37                         001387  00001A  0013A1      270E       0  CODE        2
                text5                          0013A1  00001A  0013BB      2742       0  CODE        2
                text4                          0013BB  00001A  0013D5      2776       0  CODE        2
                idataBANK2                     0013D5  00001B  0013F0      27AA       0  CODE        2
                text60                         0013F0  00001C  00140C      27E0       0  CODE        2
                text18                         00140C  00001C  001428      2818       0  CODE        2
                text86                         001428  00001D  001445      2850       0  CODE        2
                text8                          001445  00001D  001462      288A       0  CODE        2
                text34                         001462  00001E  001480      28C4       0  CODE        2
                text107                        001480  00001F  00149F      2900       0  CODE        2
                text95                         00149F  00001F  0014BE      293E       0  CODE        2
                text79                         0014BE  00001F  0014DD      297C       0  CODE        2
                text24                         0014DD  00001F  0014FC      29BA       0  CODE        2
                text96                         0014FC  000020  00151C      29F8       0  CODE        2
                text39                         00151C  000020  00153C      2A38       0  CODE        2
                text12                         00153C  000020  00155C      2A78       0  CODE        2
                text10                         00155C  000022  00157E      2AB8       0  CODE        2
                text120                        00157E  000023  0015A1      2AFC       0  CODE        2
                text78                         0015A1  000025  0015C6      2B42       0  CODE        2
                text116                        0015C6  000027  0015ED      2B8C       0  CODE        2
                text91                         0015ED  000027  001614      2BDA       0  CODE        2
                text6                          001614  000027  00163B      2C28       0  CODE        2
                text97                         00163B  00002A  001665      2C76       0  CODE        2
                text44                         001665  00002C  001691      2CCA       0  CODE        2
                text38                         001691  00002C  0016BD      2D22       0  CODE        2
                text83                         0016BD  00002F  0016EC      2D7A       0  CODE        2
                text25                         0016EC  000030  00171C      2DD8       0  CODE        2
                text64                         00171C  000035  001751      2E38       0  CODE        2
                text80                         001751  000038  001789      2EA2       0  CODE        2
                text110                        001789  00003A  0017C3      2F12       0  CODE        2
                text109                        0017C3  00003D  001800      2F86       0  CODE        2
                stringtext4                    001800  000076  001876      3000       0  STRCODE     2
                config                         008007  000002  008009     1000E       0  CONFIG      2


UNUSED ADDRESS RANGES

        Name                Unused          Largest block    Delta
        BANK2            0016F-0016F               1           1
        BANK3            001E0-001EF              10           1
        BANK4            00260-0026F              10           1
        BANK5            002E0-002EF              10           1
        BANK6            00320-0032F              10           1
        BIGRAM           02000-021EF             1F0           1
        CODE             01000-010AC              AD           2
                         01876-01FFF             78A
        CONST            01000-010AC              AD           2
                         01876-01FFF             100
        ENTRY            01000-010AC              AD           2
                         01876-01FFF             100
        IDLOC            08000-08003               4           2
        RAM              0016F-0016F               1           1
                         001E0-001EF              10
                         00260-0026F              10
                         002E0-002EF              10
                         00320-0032F              10
        SFR0             00000-0001F              20           1
        SFR1             00080-0009F              20           1
        SFR10            00500-0056F              70           1
        SFR11            00580-005EF              70           1
        SFR12            00600-0066F              70           1
        SFR13            00680-006EF              70           1
        SFR14            00700-0076F              70           1
        SFR15            00780-007EF              70           1
        SFR16            00800-0086F              70           1
        SFR17            00880-008EF              70           1
        SFR18            00900-0096F              70           1
        SFR19            00980-009EF              70           1
        SFR2             00100-0011F              20           1
        SFR20            00A00-00A6F              70           1
        SFR21            00A80-00AEF              70           1
        SFR22            00B00-00B6F              70           1
        SFR23            00B80-00BEF              70           1
        SFR24            00C00-00C6F              70           1
        SFR25            00C80-00CEF              70           1
        SFR26            00D00-00D6F              70           1
        SFR27            00D80-00DEF              70           1
        SFR28            00E00-00E6F              70           1
        SFR29            00E80-00EEF              70           1
        SFR3             00180-0019F              20           1
        SFR30            00F00-00F6F              70           1
        SFR31            00F80-00FEF              70           1
        SFR4             00200-0021F              20           1
        SFR5             00280-0029F              20           1
        SFR6             00300-0031F              20           1
        SFR7             00380-003EF              70           1
        SFR8             00400-0046F              70           1
        SFR9             00480-004EF              70           1
        STACK            021D0-021EF              20           1
        STRCODE          01000-010AC              AD           2
                         01876-01FFF             78A
        STRING           01000-010AC              AD           2
                         01876-01FFF             100

                                  Symbol Table

?_MTOUCH_Sensor_RawSample_Get                         cstackBANK0  00024
?___wmul                                              cstackBANK0  00020
?_abs                                                 cstackBANK0  00020
?_atoi                                                cstackBANK0  00026
?_isdigit                                             cstackBANK0  00020
?_isspace                                             cstackBANK0  00020
?_strlen                                              cstackBANK0  00020
?_strncmp                                             cstackBANK0  00020
Button_Baseline_Initialize@button                     cstackBANK0  0002C
Button_Baseline_Update@button                         cstackBANK0  00026
Button_Deviation_Update@button                        cstackBANK0  0002A
Button_Deviation_Update@deviation                     cstackBANK0  0002B
Button_Reading_Update@button                          cstackBANK0  0002B
Button_Reading_Update_Helper@button                   cstackBANK0  0002A
Button_Service@button                                 cstackBANK0  00035
Button_Service@name                                   cstackBANK0  00034
Button_State_Initializing@button                      cstackBANK0  0002D
Button_State_NotPressed@button                        cstackBANK0  0002D
Button_State_Pressed@button                           cstackBANK0  0002D
Button_Tick_helper@button                             cstackBANK0  00022
EUSART_Read@readValue                                 cstackCOMMON 00078
EUSART_SetErrorHandler@interruptHandler               cstackBANK0  00020
EUSART_SetFramingErrorHandler@interruptHandler        cstackBANK0  00020
EUSART_SetOverrunErrorHandler@interruptHandler        cstackBANK0  00020
EUSART_SetRxInterruptHandler@interruptHandler         cstackBANK0  00020
EUSART_SetTxInterruptHandler@interruptHandler         cstackBANK0  00020
EUSART_Write@txData                                   cstackBANK0  00020
INT_SetInterruptHandler@InterruptHandler              cstackBANK0  00020
LED_RUN@LED_1                                         cstackBANK0  00022
LED_RUN@LED_2                                         cstackBANK0  00020
LED_RUN@LED_3                                         cstackBANK0  00021
MTOUCH_Button_Buttonmask_Get@i                        cstackBANK0  00025
MTOUCH_Button_Buttonmask_Get@output                   cstackBANK0  00024
MTOUCH_Button_Initialize@button                       cstackBANK0  00029
MTOUCH_Button_Initialize@name                         cstackBANK0  00028
MTOUCH_Button_InitializeAll@button                    cstackBANK0  0002B
MTOUCH_Button_ServiceAll@button                       cstackBANK0  00037
MTOUCH_Button_SetNotPressedCallback@callback          cstackBANK0  00020
MTOUCH_Button_SetPressedCallback@callback             cstackBANK0  00020
MTOUCH_Button_Tick@i                                  cstackBANK0  00024
MTOUCH_Button_isPressed@name                          cstackBANK0  00021
MTOUCH_Sensor_Calibrate@sensor                        cstackBANK0  00025
MTOUCH_Sensor_Enable@sensor                           cstackBANK0  00025
MTOUCH_Sensor_Initialize@sensor                       cstackBANK0  00027
MTOUCH_Sensor_InitializeAll@sensor                    cstackBANK0  00029
MTOUCH_Sensor_RawSample_Get@name                      cstackBANK0  00027
MTOUCH_Sensor_SampleAll@group                         cstackBANK0  00052
MTOUCH_Sensor_Sampled_ResetAll@sensor                 cstackBANK0  00022
MTOUCH_Sensor_isCalibrated@sensor                     cstackBANK0  00025
MTOUCH_Sensor_wasSampled@sensor                       cstackBANK0  00025
ReadyReceiveBuffer@position                           cstackBANK0  00021
ReceivedMessage@readByte                              cstackCOMMON 0007A
SendString@command                                    cstackBANK0  00022
Sensor_Acq_ExecutePacket@AD1CON2_temp                 cstackBANK0  0002D
Sensor_Acq_ExecutePacket@AD2CON2_temp                 cstackBANK0  0002E
Sensor_Acq_ExecutePacket@ADCOMCON_temp                cstackBANK0  0002C
Sensor_Acq_ExecutePacket@ADxIF_flag                   cstackBANK0  00031
Sensor_Acq_ExecutePacket@activeSensor                 cstackBANK0  00032
Sensor_Acq_ExecutePacket@last_a                       cstackBANK0  00033
Sensor_Acq_ExecutePacket@last_b                       cstackBANK0  00035
Sensor_Acq_ExecutePacket@packet_counter               cstackBANK0  00037
Sensor_Acq_ExecutePacket@sensor1ForceEnabled          cstackBANK0  0002F
Sensor_Acq_ExecutePacket@sensor2ForceEnabled          cstackBANK0  00030
Sensor_Acq_ExecutePacket@sensor_adc1                  cstackBANK0  00038
Sensor_Acq_ExecutePacket@sensor_adc2                  cstackBANK0  0002A
Sensor_Acquisition@retry                              cstackBANK0  00048
Sensor_Acquisition@sensor_adc1                        cstackBANK0  00049
Sensor_Acquisition@sensor_adc2                        cstackBANK0  00046
Sensor_DefaultCallback@sensor                         cstackBANK0  00020
Sensor_RawSample_Update@adcIndex                      cstackBANK0  00025
Sensor_RawSample_Update@sensor                        cstackBANK0  00026
Sensor_Sampled_Reset@sensor                           cstackBANK0  00020
Sensor_Scanfrequency_Evaluation@best_packet_sample    cstackBANK0  00041
Sensor_Scanfrequency_Evaluation@best_sample_period    cstackBANK0  0003F
Sensor_Scanfrequency_Evaluation@frequency_hop         stringtext2  0186D
Sensor_Scanfrequency_Evaluation@i                     cstackBANK0  00045
Sensor_Scanfrequency_Evaluation@packet_noise_Max      cstackBANK0  0003D
Sensor_Scanfrequency_Evaluation@retry                 cstackBANK0  00040
Sensor_Scanfrequency_Evaluation@sensor_adc1           cstackBANK0  0003C
Sensor_Scanfrequency_Evaluation@sensor_adc2           cstackBANK0  00039
Sensor_Service@error                                  cstackBANK0  0004E
Sensor_Service@scanGroup                              cstackBANK0  0004D
Sensor_Service@sensor_adc1                            cstackBANK0  0004F
Sensor_Service@sensor_adc2                            cstackBANK0  00050
Sensor_autoCalibration@adcIndex                       cstackBANK0  00028
Sensor_autoCalibration@sensor                         cstackBANK0  00029
Sensor_getScanGroupIndex@sensor                       cstackBANK0  00022
Sensor_getScanGroupIndex@sensorGroup                  cstackBANK0  00023
Sensor_isActive@sensor                                cstackBANK0  00020
Sensor_isCalibrated@sensor                            cstackBANK0  00020
Sensor_isCalibratingAcqTime@sensor                    cstackBANK0  00020
Sensor_isEnabled@sensor                               cstackBANK0  00021
Sensor_loadADCSettings@adc_index                      cstackBANK0  00021
Sensor_loadADCSettings@addressOffset                  cstackBANK0  00027
Sensor_loadADCSettings@sensor                         cstackBANK0  00028
Sensor_postAcquisitionProcess@adcIndex                cstackBANK0  00025
Sensor_postAcquisitionProcess@deviation               cstackBANK0  00026
Sensor_postAcquisitionProcess@sensor                  cstackBANK0  00028
Sensor_setActive@sensor                               cstackBANK0  00020
Sensor_setCalibratAcqTime@sensor                      cstackBANK0  00020
Sensor_setCalibrated@sensor                           cstackBANK0  00020
Sensor_setInactive@sensor                             cstackBANK0  00020
Sensor_setSampled@sensor                              cstackBANK0  00020
TMR0_ISR@tick_count                                   bssBANK1     000C5
TMR0_SetInterruptHandler@InterruptHandler             cstackBANK0  00020
TMR2_LoadPeriodRegister@periodVal                     cstackBANK0  00020
_AAD1CAP                                              (abs)        00719
_AAD1CON2                                             (abs)        00713
_AAD1CON3                                             (abs)        00714
_AAD1GRD                                              (abs)        00718
_AAD1RES0                                             (abs)        0071A
_AAD2CON3                                             (abs)        00794
_AAD2GRD                                              (abs)        00798
_AAD2RES0                                             (abs)        0079A
_AD1ACQCON                                            (abs)        00717
_AD1CON0                                              (abs)        00711
_AD1CON0bits                                          (abs)        00711
_AD1CON2                                              (abs)        00713
_AD1CON3                                              (abs)        00714
_AD1PRECON                                            (abs)        00716
_AD2ACQCON                                            (abs)        00797
_AD2CON0                                              (abs)        00791
_AD2CON0bits                                          (abs)        00791
_AD2CON2                                              (abs)        00793
_AD2CON3                                              (abs)        00794
_AD2PRECON                                            (abs)        00796
_ADCOMCON                                             (abs)        00712
_ALL_OFF                                              text101      010D5
_ALL_ON                                               text100      010E6
_ANSELA                                               (abs)        0018C
_ANSELB                                               (abs)        0018D
_ANSELC                                               (abs)        0018E
_APFCON                                               (abs)        0011D
_APFCONbits                                           (abs)        0011D
_BAUDCON                                              (abs)        0019F
_BORCON                                               (abs)        00116
_Button_Baseline_Initialize                           text83       016BD
_Button_Baseline_Update                               text82       00CDE
_Button_DefaultCallback                               text74       010B0
_Button_Deviation_Update                              text88       00C53
_Button_Reading_Update                                text84       01236
_Button_Reading_Update_Helper                         text85       00984
_Button_Service                                       text67       009D8
_Button_StateMachine                                  dataBANK1    000E4
_Button_State_Initializing                            text71       00A8F
_Button_State_NotPressed                              text70       0074E
_Button_State_Pressed                                 text72       00AF5
_Button_Tick_helper                                   text38       01691
_EUSART_DefaultErrorHandler                           text114      010CD
_EUSART_DefaultFramingErrorHandler                    text113      010AE
_EUSART_DefaultOverrunErrorHandler                    text112      010D1
_EUSART_ErrorHandler                                  nvBANK2      0016B
_EUSART_FramingErrorHandler                           nvBANK1      000DC
_EUSART_Initialize                                    text28       008A2
_EUSART_OverrunErrorHandler                           nvBANK2      0016D
_EUSART_Read                                          text116      015C6
_EUSART_Receive_ISR                                   text109      017C3
_EUSART_RxDataHandler                                 text115      01339
_EUSART_RxDefaultInterruptHandler                     nvBANK1      000DE
_EUSART_SetErrorHandler                               text32       01154
_EUSART_SetFramingErrorHandler                        text31       0115D
_EUSART_SetOverrunErrorHandler                        text30       01166
_EUSART_SetRxInterruptHandler                         text98       01115
_EUSART_SetTxInterruptHandler                         text29       0116F
_EUSART_Transmit_ISR                                  text120      0157E
_EUSART_TxDefaultInterruptHandler                     nvBANK1      000E0
_EUSART_Write                                         text97       0163B
_EUSART_is_rx_ready                                   text111      010B4
_EUSART_is_tx_done                                    (abs)        00000
_EUSART_is_tx_ready                                   (abs)        00000
_EXT_INT_Initialize                                   text26       011AB
_GIE                                                  (abs)        0005F
_GetResponse                                          text99       010B6
_INIT_SMART_LIGHT                                     text95       0149F
_INTCONbits                                           (abs)        0000B
_INTERRUPT_InterruptManager                           intentry     00004
_INT_CallBack                                         text118      01224
_INT_DefaultInterruptHandler                          text119      010AD
_INT_ISR                                              text117      010E1
_INT_InterruptHandler                                 nvBANK1      000DA
_INT_SetInterruptHandler                              text27       01178
_LATA                                                 (abs)        0010C
_LATAbits                                             (abs)        0010C
_LATB                                                 (abs)        0010D
_LATC                                                 (abs)        0010E
_LATCbits                                             (abs)        0010E
_LED_DOWN_OFF                                         text104      010B8
_LED_DOWN_ON                                          text93       010C1
_LED_OFF                                              text102      0110C
_LED_ON                                               text94       010BE
_LED_RUN                                              text91       015ED
_LED_UP_OFF                                           text103      010BB
_LED_UP_ON                                            text92       010C4
_MTOUCH_Button_Buttonmask_Get                         text78       015A1
_MTOUCH_Button_Initialize                             text80       01751
_MTOUCH_Button_InitializeAll                          text24       014DD
_MTOUCH_Button_ServiceAll                             text66       01248
_MTOUCH_Button_SetNotPressedCallback                  text90       0111E
_MTOUCH_Button_SetPressedCallback                     text89       01127
_MTOUCH_Button_Tick                                   text37       01387
_MTOUCH_Button_isPressed                              text79       014BE
_MTOUCH_Initialize                                    text20       011B8
_MTOUCH_Sensor_Calibrate                              text81       012AA
_MTOUCH_Sensor_Enable                                 text23       012C0
_MTOUCH_Sensor_Initialize                             text22       012EE
_MTOUCH_Sensor_InitializeAll                          text21       0125A
_MTOUCH_Sensor_RawSample_Get                          text86       01428
_MTOUCH_Sensor_SampleAll                              text41       0136D
_MTOUCH_Sensor_Sampled_ResetAll                       text39       0151C
_MTOUCH_Sensor_Scan_Initialize                        text65       011E2
_MTOUCH_Sensor_isCalibrated                           text69       01353
_MTOUCH_Sensor_wasSampled                             text68       01202
_MTOUCH_Service_Mainloop                              text34       01462
_MTOUCH_Tick                                          text36       010D9
_MTOUCH_needReburst                                   text35       00002
_Num_Char                                             bssBANK1     000D5
_OPTION_REG                                           (abs)        00095
_OPTION_REGbits                                       (abs)        00095
_OSCCON                                               (abs)        00099
_OSCILLATOR_Initialize                                text19       010EB
_PIE1bits                                             (abs)        00091
_PIN_MANAGER_Initialize                               text18       0140C
_PIR1bits                                             (abs)        00011
_PIR2bits                                             (abs)        00012
_PR2                                                  (abs)        0001B
_RCREG                                                (abs)        00199
_RCSTA                                                (abs)        0019D
_RCSTAbits                                            (abs)        0019D
_ReadyReceiveBuffer                                   text33       01280
_ReceivedMessage                                      text110      01789
_ResponseBuffer                                       bssBANK3     001A0
_ResponseIndex                                        bssBANK0     00060
_SPBRGH                                               (abs)        0019C
_SPBRGL                                               (abs)        0019B
_SYSTEM_Initialize                                    text13       01307
_SendString                                           text96       014FC
_Sensor_Acq_ExecutePacket                             text51       00446
_Sensor_Acquisition                                   text46       00B61
_Sensor_DefaultCallback                               text45       010B1
_Sensor_RawSample_Update                              text44       01665
_Sensor_Sampled_Reset                                 text40       0114B
_Sensor_Scanfrequency_Evaluation                      text50       00BD2
_Sensor_Service                                       text42       00D70
_Sensor_autoCalibration                               text59       00E0D
_Sensor_getScanGroupIndex                             text64       0171C
_Sensor_isActive                                      text58       01213
_Sensor_isCalibrated                                  text56       01194
_Sensor_isCalibratingAcqTime                          text63       0118A
_Sensor_isEnabled                                     text57       0126C
_Sensor_loadADCSettings                               text55       0067C
_Sensor_loadADCSettings$562                           cstackBANK0  00025
_Sensor_postAcquisitionProcess                        text47       00818
_Sensor_setActive                                     text49       01130
_Sensor_setCalibratAcqTime                            text62       011F2
_Sensor_setCalibrated                                 text61       011D3
_Sensor_setInactive                                   text48       01139
_Sensor_setSampled                                    text43       01142
_Storage                                              bssBANK4     00220
_Storage2                                             bssBANK1     000CC
_T2CON                                                (abs)        0001C
_T2CONbits                                            (abs)        0001C
_TMR0                                                 (abs)        00015
_TMR0_CallBack                                        text107      01480
_TMR0_DefaultInterruptHandler                         text108      010AF
_TMR0_ISR                                             text106      0085B
_TMR0_Initialize                                      text16       00800
_TMR0_InterruptHandler                                nvBANK1      000D8
_TMR0_SetInterruptHandler                             text17       01181
_TMR2                                                 (abs)        0001A
_TMR2_Initialize                                      text15       01104
_TMR2_LoadPeriodRegister                              text54       007FB
_TMR2_StartTimer                                      text53       010C7
_TMR2_StopTimer                                       text52       010CA
_TRISA                                                (abs)        0008C
_TRISB                                                (abs)        0008D
_TRISC                                                (abs)        0008E
_TXREG                                                (abs)        0019A
_TXSTA                                                (abs)        0019E
_TXSTAbits                                            (abs)        0019E
_WDTCON                                               (abs)        00097
_WDT_Initialize                                       text14       010DD
_WPUA                                                 (abs)        0020C
_WPUB                                                 (abs)        0020D
__CFG_BOREN$NSLEEP                                    (abs)        00000
__CFG_BORV$LO                                         (abs)        00000
__CFG_CLKOUTEN$OFF                                    (abs)        00000
__CFG_CP$OFF                                          (abs)        00000
__CFG_FOSC$INTOSC                                     (abs)        00000
__CFG_LPBOR$ON                                        (abs)        00000
__CFG_LVP$ON                                          (abs)        00000
__CFG_MCLRE$ON                                        (abs)        00000
__CFG_PWRTE$OFF                                       (abs)        00000
__CFG_STVREN$OFF                                      (abs)        00000
__CFG_WDTE$OFF                                        (abs)        00000
__CFG_WRT$OFF                                         (abs)        00000
__Habs1                                               abs1         00000
__Hbank0                                              bank0        00000
__Hbank1                                              bank1        00000
__Hbank10                                             bank10       00000
__Hbank11                                             bank11       00000
__Hbank12                                             bank12       00000
__Hbank13                                             bank13       00000
__Hbank14                                             bank14       00000
__Hbank15                                             bank15       00000
__Hbank16                                             bank16       00000
__Hbank17                                             bank17       00000
__Hbank18                                             bank18       00000
__Hbank19                                             bank19       00000
__Hbank2                                              bank2        00000
__Hbank20                                             bank20       00000
__Hbank21                                             bank21       00000
__Hbank22                                             bank22       00000
__Hbank23                                             bank23       00000
__Hbank24                                             bank24       00000
__Hbank25                                             bank25       00000
__Hbank26                                             bank26       00000
__Hbank27                                             bank27       00000
__Hbank28                                             bank28       00000
__Hbank29                                             bank29       00000
__Hbank3                                              bank3        00000
__Hbank30                                             bank30       00000
__Hbank31                                             bank31       00000
__Hbank4                                              bank4        00000
__Hbank5                                              bank5        00000
__Hbank6                                              bank6        00000
__Hbank7                                              bank7        00000
__Hbank8                                              bank8        00000
__Hbank9                                              bank9        00000
__Hbigram                                             bigram       00000
__HbssBANK0                                           bssBANK0     00000
__HbssBANK1                                           bssBANK1     00000
__HbssBANK2                                           bssBANK2     00000
__HbssBANK3                                           bssBANK3     00000
__HbssBANK4                                           bssBANK4     00000
__HbssBANK5                                           bssBANK5     00000
__HbssCOMMON                                          bssCOMMON    00000
__Hcinit                                              cinit        0009F
__Hclrtext                                            clrtext      00000
__Hcode                                               code         00000
__Hcommon                                             common       00000
__Hconfig                                             config       08009
__HcstackBANK0                                        cstackBANK0  00000
__HcstackCOMMON                                       cstackCOMMON 00000
__HdataBANK0                                          dataBANK0    00000
__HdataBANK1                                          dataBANK1    00000
__HdataBANK2                                          dataBANK2    00000
__Heeprom_data                                        eeprom_data  00000
__Hend_init                                           end_init     00048
__Hfunctab                                            functab      00000
__HidataBANK0                                         idataBANK0   00000
__HidataBANK1                                         idataBANK1   00000
__HidataBANK2                                         idataBANK2   00000
__Hidloc                                              idloc        00000
__Hinit                                               init         00046
__Hinittext                                           inittext     00000
__Hintentry                                           intentry     00046
__Hmaintext                                           maintext     00000
__HnvBANK1                                            nvBANK1      00000
__HnvBANK2                                            nvBANK2      00000
__Hpowerup                                            powerup      00000
__Hram                                                ram          00000
__Hreset_vec                                          reset_vec    00002
__Hsfr0                                               sfr0         00000
__Hsfr1                                               sfr1         00000
__Hsfr10                                              sfr10        00000
__Hsfr11                                              sfr11        00000
__Hsfr12                                              sfr12        00000
__Hsfr13                                              sfr13        00000
__Hsfr14                                              sfr14        00000
__Hsfr15                                              sfr15        00000
__Hsfr16                                              sfr16        00000
__Hsfr17                                              sfr17        00000
__Hsfr18                                              sfr18        00000
__Hsfr19                                              sfr19        00000
__Hsfr2                                               sfr2         00000
__Hsfr20                                              sfr20        00000
__Hsfr21                                              sfr21        00000
__Hsfr22                                              sfr22        00000
__Hsfr23                                              sfr23        00000
__Hsfr24                                              sfr24        00000
__Hsfr25                                              sfr25        00000
__Hsfr26                                              sfr26        00000
__Hsfr27                                              sfr27        00000
__Hsfr28                                              sfr28        00000
__Hsfr29                                              sfr29        00000
__Hsfr3                                               sfr3         00000
__Hsfr30                                              sfr30        00000
__Hsfr31                                              sfr31        00000
__Hsfr4                                               sfr4         00000
__Hsfr5                                               sfr5         00000
__Hsfr6                                               sfr6         00000
__Hsfr7                                               sfr7         00000
__Hsfr8                                               sfr8         00000
__Hsfr9                                               sfr9         00000
__Hspace_0                                            (abs)        08009
__Hspace_1                                            (abs)        002E0
__Hspace_2                                            (abs)        00000
__Hspace_3                                            (abs)        00000
__Hstack                                              stack        00000
__Hstrings                                            strings      00000
__Hstringtext1                                        stringtext1  00000
__Hstringtext2                                        stringtext2  00000
__Hstringtext3                                        stringtext3  00000
__Hstringtext4                                        stringtext4  00000
__Hstringtext5                                        stringtext5  00000
__Hstringtext6                                        stringtext6  00000
__Hstringtext7                                        stringtext7  00000
__Hstringtext8                                        stringtext8  00000
__Htext                                               text         00000
__Labs1                                               abs1         00000
__Lbank0                                              bank0        00000
__Lbank1                                              bank1        00000
__Lbank10                                             bank10       00000
__Lbank11                                             bank11       00000
__Lbank12                                             bank12       00000
__Lbank13                                             bank13       00000
__Lbank14                                             bank14       00000
[...]
 Defined at:
		line 249 in file "mcc_generated_files/eusart.c"
 Parameters:    Size  Location     Type
		None
 Auto vars:     Size  Location     Type
		None
 Return value:  Size  Location     Type
                  1    wreg      void 
 Registers used:
		None
 Tracked objects:
		On entry : 
		On exit  : 
		Unchanged: 
 Data sizes:     COMMON   BANK0   BANK1   BANK2   BANK3   BANK4   BANK5   BANK6
      Params:         0       0       0       0       0       0       0       0
      Locals:         0       0       0       0       0       0       0       0
      Temps:          0       0       0       0       0       0       0       0
      Totals:         0       0       0       0       0       0       0       0
Total ram usage:        0 bytes
 Hardware stack levels used:    1
 This function calls:
		Nothing
 This function is called by:
		_EUSART_Initialize
		_EUSART_Receive_ISR
 This function uses a non-reentrant model


 *************** function _EUSART_DefaultFramingErrorHandler *****************
 Defined at:
		line 247 in file "mcc_generated_files/eusart.c"
 Parameters:    Size  Location     Type
		None
 Auto vars:     Size  Location     Type
		None
 Return value:  Size  Location     Type
                  1    wreg      void 
 Registers used:
		None
 Tracked objects:
		On entry : 
		On exit  : 
		Unchanged: 
 Data sizes:     COMMON   BANK0   BANK1   BANK2   BANK3   BANK4   BANK5   BANK6
      Params:         0       0       0       0       0       0       0       0
      Locals:         0       0       0       0       0       0       0       0
      Temps:          0       0       0       0       0       0       0       0
      Totals:         0       0       0       0       0       0       0       0
Total ram usage:        0 bytes
 Hardware stack levels used:    1
 This function calls:
		Nothing
 This function is called by:
		_EUSART_Initialize
		_EUSART_Receive_ISR
 This function uses a non-reentrant model


 *************** function _EUSART_DefaultErrorHandler *****************
 Defined at:
		line 257 in file "mcc_generated_files/eusart.c"
 Parameters:    Size  Location     Type
		None
 Auto vars:     Size  Location     Type
		None
 Return value:  Size  Location     Type
                  1    wreg      void 
 Registers used:
		wreg, fsr1l, fsr1h, status,2, status,0, pclath, cstack
 Tracked objects:
		On entry : 
		On exit  : 
		Unchanged: 
 Data sizes:     COMMON   BANK0   BANK1   BANK2   BANK3   BANK4   BANK5   BANK6
      Params:         0       0       0       0       0       0       0       0
      Locals:         0       0       0       0       0       0       0       0
      Temps:          0       0       0       0       0       0       0       0
      Totals:         0       0       0       0       0       0       0       0
Total ram usage:        0 bytes
 Hardware stack levels used:    1
 Hardware stack levels required when called:    1
 This function calls:
		_EUSART_RxDataHandler
 This function is called by:
		_EUSART_Initialize
		_EUSART_Receive_ISR
 This function uses a non-reentrant model


 *************** function _EUSART_RxDataHandler *****************
 Defined at:
		line 237 in file "mcc_generated_files/eusart.c"
 Parameters:    Size  Location     Type
		None
 Auto vars:     Size  Location     Type
		None
 Return value:  Size  Location     Type
                  1    wreg      void 
 Registers used:
		wreg, fsr1l, fsr1h, status,2, status,0
 Tracked objects:
		On entry : 
		On exit  : 
		Unchanged: 
 Data sizes:     COMMON   BANK0   BANK1   BANK2   BANK3   BANK4   BANK5   BANK6
      Params:         0       0       0       0       0       0       0       0
      Locals:         0       0       0       0       0       0       0       0
      Temps:          1       0       0       0       0       0       0       0
      Totals:         1       0       0       0       0       0       0       0
Total ram usage:        1 bytes
 Hardware stack levels used:    1
 This function calls:
		Nothing
 This function is called by:
		_EUSART_Receive_ISR
		_EUSART_DefaultErrorHandler
 This function uses a non-reentrant model


 *************** function _EUSART_Read *****************
 Defined at:
		line 148 in file "mcc_generated_files/eusart.c"
 Parameters:    Size  Location     Type
		None
 Auto vars:     Size  Location     Type
  readValue       1    1[COMMON] unsigned char 
 Return value:  Size  Location     Type
                  1    wreg      unsigned char 
 Registers used:
		wreg, fsr1l, fsr1h, status,2, status,0
 Tracked objects:
		On entry : 
		On exit  : 
		Unchanged: 
 Data sizes:     COMMON   BANK0   BANK1   BANK2   BANK3   BANK4   BANK5   BANK6
      Params:         0       0       0       0       0       0       0       0
      Locals:         1       0       0       0       0       0       0       0
      Temps:          1       0       0       0       0       0       0       0
      Totals:         2       0       0       0       0       0       0       0
Total ram usage:        2 bytes
 Hardware stack levels used:    1
 This function calls:
		Nothing
 This function is called by:
		_ReceivedMessage
 This function uses a non-reentrant model


 *************** function _INT_ISR *****************
 Defined at:
		line 39 in file "mcc_generated_files/ext_int.c"
 Parameters:    Size  Location     Type
		None
 Auto vars:     Size  Location     Type
		None
 Return value:  Size  Location     Type
                  1    wreg      void 
 Registers used:
		wreg, status,2, status,0, pclath, cstack
 Tracked objects:
		On entry : 
		On exit  : 
		Unchanged: 
 Data sizes:     COMMON   BANK0   BANK1   BANK2   BANK3   BANK4   BANK5   BANK6
      Params:         0       0       0       0       0       0       0       0
      Locals:         0       0       0       0       0       0       0       0
      Temps:          0       0       0       0       0       0       0       0
      Totals:         0       0       0       0       0       0       0       0
Total ram usage:        0 bytes
 Hardware stack levels used:    1
 Hardware stack levels required when called:    2
 This function calls:
		_INT_CallBack
 This function is called by:
		_INTERRUPT_InterruptManager
 This function uses a non-reentrant model


 *************** function _INT_CallBack *****************
 Defined at:
		line 48 in file "mcc_generated_files/ext_int.c"
 Parameters:    Size  Location     Type
		None
 Auto vars:     Size  Location     Type
		None
 Return value:  Size  Location     Type
                  1    wreg      void 
 Registers used:
		wreg, status,2, status,0, pclath, cstack
 Tracked objects:
		On entry : 
		On exit  : 
		Unchanged: 
 Data sizes:     COMMON   BANK0   BANK1   BANK2   BANK3   BANK4   BANK5   BANK6
      Params:         0       0       0       0       0       0       0       0
      Locals:         0       0       0       0       0       0       0       0
      Temps:          0       0       0       0       0       0       0       0
      Totals:         0       0       0       0       0       0       0       0
Total ram usage:        0 bytes
 Hardware stack levels used:    1
 Hardware stack levels required when called:    1
 This function calls:
		Absolute function
		_INT_DefaultInterruptHandler
 This function is called by:
		_INT_ISR
 This function uses a non-reentrant model


 *************** function _INT_DefaultInterruptHandler *****************
 Defined at:
		line 73 in file "mcc_generated_files/ext_int.c"
 Parameters:    Size  Location     Type
		None
 Auto vars:     Size  Location     Type
		None
 Return value:  Size  Location     Type
                  1    wreg      void 
 Registers used:
		None
 Tracked objects:
		On entry : 
		On exit  : 
		Unchanged: 
 Data sizes:     COMMON   BANK0   BANK1   BANK2   BANK3   BANK4   BANK5   BANK6
      Params:         0       0       0       0       0       0       0       0
      Locals:         0       0       0       0       0       0       0       0
      Temps:          0       0       0       0       0       0       0       0
      Totals:         0       0       0       0       0       0       0       0
Total ram usage:        0 bytes
 Hardware stack levels used:    1
 This function calls:
		Nothing
 This function is called by:
		_EXT_INT_Initialize
		_INT_CallBack
 This function uses a non-reentrant model


 *************** function _EUSART_Transmit_ISR *****************
 Defined at:
		line 194 in file "mcc_generated_files/eusart.c"
 Parameters:    Size  Location     Type
		None
 Auto vars:     Size  Location     Type
		None
 Return value:  Size  Location     Type
                  1    wreg      void 
 Registers used:
		wreg, fsr1l, fsr1h, status,2, status,0
 Tracked objects:
		On entry : 
		On exit  : 
		Unchanged: 
 Data sizes:     COMMON   BANK0   BANK1   BANK2   BANK3   BANK4   BANK5   BANK6
      Params:         0       0       0       0       0       0       0       0
      Locals:         0       0       0       0       0       0       0       0
      Temps:          1       0       0       0       0       0       0       0
      Totals:         1       0       0       0       0       0       0       0
Total ram usage:        1 bytes
 Hardware stack levels used:    1
 This function calls:
		Nothing
 This function is called by:
		_EUSART_Initialize
		_INTERRUPT_InterruptManager
 This function uses a non-reentrant model



MODULE INFORMATION

Module		Function		Class		Link	Load	Size
mcc_generated_files/mtouch/mtouch_button.c
		_Button_Deviation_Update		CODE           	0C53	0000	140
		_MTOUCH_Button_SetNotPressedCallback		CODE           	111E	0000	10
		_MTOUCH_Button_isPressed		CODE           	14BE	0000	32
		_MTOUCH_Button_Initialize		CODE           	1751	0000	57
		_Button_Tick_helper		CODE           	1691	0000	45
		_MTOUCH_Button_InitializeAll		CODE           	14DD	0000	32
		_Button_Baseline_Update		CODE           	0CDE	0000	147
		_Button_State_Pressed		CODE           	0AF5	0000	109
		_Button_Reading_Update		CODE           	1236	0000	19
		_MTOUCH_Button_Buttonmask_Get		CODE           	15A1	0000	38
		_Button_DefaultCallback		CODE           	10B0	0000	2
		_MTOUCH_Button_Tick		CODE           	1387	0000	27
		_Button_State_NotPressed		CODE           	074E	0000	174
		_MTOUCH_Button_SetPressedCallback		CODE           	1127	0000	10
		_Button_Reading_Update_Helper		CODE           	0984	0000	85
		_Button_Service		CODE           	09D8	0000	92
		_Button_State_Initializing		CODE           	0A8F	0000	103
		_MTOUCH_Button_ServiceAll		CODE           	1248	0000	19
		_Button_Baseline_Initialize		CODE           	16BD	0000	48

mcc_generated_files/mtouch/mtouch_button.c estimated size: 1189

C:\Program Files (x86)\Microchip\xc8\v2.10\pic\sources\c99\common\atoi.c
		_atoi          		CODE           	0F57	0000	170

C:\Program Files (x86)\Microchip\xc8\v2.10\pic\sources\c99\common\atoi.c estimated size: 170

uart.c
		_ReadyReceiveBuffer		CODE           	1280	0000	21
		_GetResponse   		CODE           	10B6	0000	3
		_SendString    		CODE           	14FC	0000	33
		_INIT_SMART_LIGHT		CODE           	149F	0000	32
		_ReceivedMessage		CODE           	1789	0000	59
		_blockingWait  		CODE           	1445	0000	30

uart.c estimated size: 178

mcc_generated_files/tmr2.c
		_TMR2_LoadPeriodRegister		CODE           	07FB	0000	6
		_TMR2_Initialize		CODE           	1104	0000	9
		_TMR2_StopTimer		CODE           	10CA	0000	4
		_TMR2_StartTimer		CODE           	10C7	0000	4

mcc_generated_files/tmr2.c estimated size: 23

mcc_generated_files/interrupt_manager.c
		_INTERRUPT_InterruptManager		CODE           	0004	0000	67

mcc_generated_files/interrupt_manager.c estimated size: 67

C:\Program Files (x86)\Microchip\xc8\v2.10\pic\sources\c99\common\isspace.c
		_isspace       		CODE           	155C	0000	35

C:\Program Files (x86)\Microchip\xc8\v2.10\pic\sources\c99\common\isspace.c estimated size: 35

C:\Program Files (x86)\Microchip\xc8\v2.10\pic\sources\c99\common\strlen.c
		_strlen        		CODE           	13BB	0000	27

C:\Program Files (x86)\Microchip\xc8\v2.10\pic\sources\c99\common\strlen.c estimated size: 27

mcc_generated_files/tmr0.c
		_TMR0_SetInterruptHandler		CODE           	1181	0000	10
		_TMR0_DefaultInterruptHandler		CODE           	10AF	0000	2
		_TMR0_CallBack 		CODE           	1480	0000	32
		_TMR0_ISR      		CODE           	085B	0000	72
		_TMR0_Initialize		CODE           	0800	0000	25

mcc_generated_files/tmr0.c estimated size: 141

C:\Program Files (x86)\Microchip\xc8\v2.10\pic\sources\c99\common\strchr.c
		_strchr        		CODE           	13A1	0000	27

C:\Program Files (x86)\Microchip\xc8\v2.10\pic\sources\c99\common\strchr.c estimated size: 27

mcc_generated_files/mtouch/mtouch.c
		_MTOUCH_Tick   		CODE           	10D9	0000	5
		_MTOUCH_Initialize		CODE           	11B8	0000	14
		_MTOUCH_Service_Mainloop		CODE           	1462	0000	31
		_MTOUCH_needReburst		CODE           	0002	0000	3

mcc_generated_files/mtouch/mtouch.c estimated size: 53

C:\Program Files (x86)\Microchip\xc8\v2.10\pic\sources\c99\common\strcpy.c
		_strcpy        		CODE           	1614	0000	40

C:\Program Files (x86)\Microchip\xc8\v2.10\pic\sources\c99\common\strcpy.c estimated size: 40

C:\Program Files (x86)\Microchip\xc8\v2.10\pic\sources\c99\common\memset.c
		_memset        		CODE           	0EB2	0000	166

C:\Program Files (x86)\Microchip\xc8\v2.10\pic\sources\c99\common\memset.c estimated size: 166

C:\Program Files (x86)\Microchip\xc8\v2.10\pic\sources\c99\common\strncmp.c
		_strncmp       		CODE           	0A33	0000	93

C:\Program Files (x86)\Microchip\xc8\v2.10\pic\sources\c99\common\strncmp.c estimated size: 93

mcc_generated_files/pin_manager.c
		_PIN_MANAGER_Initialize		CODE           	140C	0000	29

mcc_generated_files/pin_manager.c estimated size: 29

C:\Program Files (x86)\Microchip\xc8\v2.10\pic\sources\c99\common\Umul8.c
		___bmul        		CODE           	1294	0000	23

C:\Program Files (x86)\Microchip\xc8\v2.10\pic\sources\c99\common\Umul8.c estimated size: 23

mcc_generated_files/ext_int.c
		_INT_DefaultInterruptHandler		CODE           	10AD	0000	2
		_EXT_INT_Initialize		CODE           	11AB	0000	14
		_INT_SetInterruptHandler		CODE           	1178	0000	10
		_INT_CallBack  		CODE           	1224	0000	19
		_INT_ISR       		CODE           	10E1	0000	6

mcc_generated_files/ext_int.c estimated size: 51

shared
		Sensor_Scanfrequency_Evaluation@frequency_hop		STRCODE        	186D	0000	6
		_sensor_scan_group		STRCODE        	1872	0000	5
		_uart          		STRCODE        	1830	0000	21
		__initialization		CODE           	0048	0000	84
		_mtouch_button_init		STRCODE        	1800	0000	49

shared estimated size: 165

mcc_generated_files/mcc.c
		_WDT_Initialize		CODE           	10DD	0000	5
		_OSCILLATOR_Initialize		CODE           	10EB	0000	7
		_SYSTEM_Initialize		CODE           	1307	0000	26

mcc_generated_files/mcc.c estimated size: 38

./LED.h
		_LED_DOWN_ON   		CODE           	10C1	0000	4
		_LED_DOWN_OFF  		CODE           	10B8	0000	4
		_ALL_ON        		CODE           	10E6	0000	6
		_LED_OFF       		CODE           	110C	0000	10
		_LED_RUN       		CODE           	15ED	0000	40
		_ALL_OFF       		CODE           	10D5	0000	5
		_LED_ON        		CODE           	10BE	0000	4
		_LED_UP_ON     		CODE           	10C4	0000	4
		_LED_UP_OFF    		CODE           	10BB	0000	4

./LED.h estimated size: 81

C:\Program Files (x86)\Microchip\xc8\v2.10\pic\sources\c99\common\memcpy.c
		_memcpy        		CODE           	16EC	0000	49

C:\Program Files (x86)\Microchip\xc8\v2.10\pic\sources\c99\common\memcpy.c estimated size: 49

C:\Program Files (x86)\Microchip\xc8\v2.10\pic\sources\c99\common\isdigit.c
		_isdigit       		CODE           	1320	0000	26

C:\Program Files (x86)\Microchip\xc8\v2.10\pic\sources\c99\common\isdigit.c estimated size: 26

C:\Program Files (x86)\Microchip\xc8\v2.10\pic\sources\c99\common\abs.c
		_abs           		CODE           	13F0	0000	29

C:\Program Files (x86)\Microchip\xc8\v2.10\pic\sources\c99\common\abs.c estimated size: 29

C:\Program Files (x86)\Microchip\xc8\v2.10\pic\sources\c99\common\strstr.c
		_strstr        		CODE           	0936	0000	79

C:\Program Files (x86)\Microchip\xc8\v2.10\pic\sources\c99\common\strstr.c estimated size: 79

C:\Program Files (x86)\Microchip\xc8\v2.10\pic\sources\c99\common\Umul16.c
		___wmul        		CODE           	153C	0000	33

C:\Program Files (x86)\Microchip\xc8\v2.10\pic\sources\c99\common\Umul16.c estimated size: 33

mcc_generated_files/eusart.c
		_EUSART_SetRxInterruptHandler		CODE           	1115	0000	10
		_EUSART_SetTxInterruptHandler		CODE           	116F	0000	10
		_EUSART_Read   		CODE           	15C6	0000	40
		_EUSART_DefaultOverrunErrorHandler		CODE           	10D1	0000	5
		_EUSART_Write  		CODE           	163B	0000	43
		_EUSART_DefaultErrorHandler		CODE           	10CD	0000	5
		_EUSART_Transmit_ISR		CODE           	157E	0000	36
		_EUSART_Initialize		CODE           	08A2	0000	72
		_EUSART_SetFramingErrorHandler		CODE           	115D	0000	10
		_EUSART_SetErrorHandler		CODE           	1154	0000	10
		_EUSART_SetOverrunErrorHandler		CODE           	1166	0000	10
		_EUSART_Receive_ISR		CODE           	17C3	0000	62
		_EUSART_RxDataHandler		CODE           	1339	0000	27
		_EUSART_DefaultFramingErrorHandler		CODE           	10AE	0000	2
		_EUSART_is_rx_ready		CODE           	10B4	0000	3

mcc_generated_files/eusart.c estimated size: 345

main.c
		_myButtonReleasedCallback		CODE           	12D6	0000	25
		_main          		CODE           	009F	0000	936
		_update_state  		CODE           	10B2	0000	2
		_myButtonPressedCallback		CODE           	10FD	0000	8
		_check_on_off  		CODE           	11C5	0000	15
		_check_up_down 		CODE           	08E9	0000	78

main.c estimated size: 1064

mcc_generated_files/mtouch/mtouch_sensor.c
		_Sensor_setCalibrated		CODE           	11D3	0000	16
		_Sensor_Acq_ExecutePacket		CODE           	0446	0000	567
		_Sensor_getScanGroupIndex		CODE           	171C	0000	54
		_Sensor_Acquisition		CODE           	0B61	0000	114
		_Sensor_postAcquisitionProcess		CODE           	0818	0000	68
		_Sensor_isCalibrated		CODE           	1194	0000	12
		_MTOUCH_Sensor_Initialize		CODE           	12EE	0000	26
		_Sensor_Sampled_Reset		CODE           	114B	0000	10
		_MTOUCH_Sensor_InitializeAll		CODE           	125A	0000	19
		_Sensor_DefaultCallback		CODE           	10B1	0000	2
		_Sensor_loadADCSettings		CODE           	067C	0000	211
		_Sensor_isEnabled		CODE           	126C	0000	21
		_MTOUCH_Sensor_isCalibrated		CODE           	1353	0000	27
		_MTOUCH_Sensor_Calibrate		CODE           	12AA	0000	23
		_MTOUCH_Sensor_Sampled_ResetAll		CODE           	151C	0000	33
		_Sensor_setActive		CODE           	1130	0000	10
		_Sensor_Scanfrequency_Evaluation		CODE           	0BD2	0000	130
		_MTOUCH_Sensor_Enable		CODE           	12C0	0000	23
		_Sensor_setSampled		CODE           	1142	0000	10
		_Sensor_isCalibratingAcqTime		CODE           	118A	0000	11
		_MTOUCH_Sensor_RawSample_Get		CODE           	1428	0000	30
		_MTOUCH_Sensor_SampleAll		CODE           	136D	0000	27
		_MTOUCH_Sensor_wasSampled		CODE           	1202	0000	18
		_Sensor_Service		CODE           	0D70	0000	158
		_Sensor_autoCalibration		CODE           	0E0D	0000	166
		_MTOUCH_Sensor_Scan_Initialize		CODE           	11E2	0000	17
		_Sensor_RawSample_Update		CODE           	1665	0000	45
		_Sensor_isActive		CODE           	1213	0000	18
		_Sensor_setCalibratAcqTime		CODE           	11F2	0000	17
		_Sensor_setInactive		CODE           	1139	0000	10

mcc_generated_files/mtouch/mtouch_sensor.c estimated size: 1893

