Microchip MPLAB XC8 Compiler V2.05 ()

Linker command line:

-W-3 --edf=C:\Program Files (x86)\Microchip\xc8\v2.05\pic\dat\en_msgs.txt \
  -cs -h+dist/default/production\DIM-TRIAC-ZIGBEE.production.sym \
  --cmf=dist/default/production\DIM-TRIAC-ZIGBEE.production.cmf -z \
  -Q16LF1559 -oC:\Users\DUYNGO~1\AppData\Local\Temp\s5o8.2 \
  --defsym=__MPLAB_BUILD=1 \
  -Mdist/default/production/DIM-TRIAC-ZIGBEE.production.map -E1 -ver=XC8 \
  --acfsm=1493 -ASTACK=02180h-021EFh -pstack=STACK -ACODE=00h-07FFhx4 \
  -ASTRCODE=00h-01FFFh -ASTRING=00h-0FFhx32 -ACONST=00h-0FFhx32 \
  -AENTRY=00h-0FFhx32 -ACOMMON=070h-07Fh -ABANK0=020h-06Fh \
  -ABANK1=0A0h-0EFh -ABANK2=0120h-016Fh -ABANK3=01A0h-01EFh \
  -ABANK4=0220h-026Fh -ABANK5=02A0h-02EFh -ABANK6=0320h-032Fh \
  -ABIGRAM=02000h-021EFh \
  -ARAM=020h-06Fh,0A0h-0EFh,0120h-016Fh,01A0h-01EFh,0220h-026Fh,02A0h-02EFh,0320h-032Fh \
  -AABS1=020h-07Fh,0A0h-0EFh,0120h-016Fh,01A0h-01EFh,0220h-026Fh,02A0h-02EFh,0320h-032Fh \
  -ASFR0=00h-01Fh -ASFR1=080h-09Fh -ASFR2=0100h-011Fh -ASFR3=0180h-019Fh \
  -ASFR4=0200h-021Fh -ASFR5=0280h-029Fh -ASFR6=0300h-031Fh \
  -ASFR7=0380h-03EFh -ASFR8=0400h-046Fh -ASFR9=0480h-04EFh \
  -ASFR10=0500h-056Fh -ASFR11=0580h-05EFh -ASFR12=0600h-066Fh \
  -ASFR13=0680h-06EFh -ASFR14=0700h-076Fh -ASFR15=0780h-07EFh \
  -ASFR16=0800h-086Fh -ASFR17=0880h-08EFh -ASFR18=0900h-096Fh \
  -ASFR19=0980h-09EFh -ASFR20=0A00h-0A6Fh -ASFR21=0A80h-0AEFh \
  -ASFR22=0B00h-0B6Fh -ASFR23=0B80h-0BEFh -ASFR24=0C00h-0C6Fh \
  -ASFR25=0C80h-0CEFh -ASFR26=0D00h-0D6Fh -ASFR27=0D80h-0DEFh \
  -ASFR28=0E00h-0E6Fh -ASFR29=0E80h-0EEFh -ASFR30=0F00h-0F6Fh \
  -ASFR31=0F80h-0FEFh -preset_vec=00h,intentry=04h,init,end_init \
  -ppowerup=CODE -pcinit=CODE -pfunctab=ENTRY -ACONFIG=08007h-08008h \
  -pconfig=CONFIG -DCONFIG=2 -AIDLOC=08000h-08003h -pidloc=IDLOC -DIDLOC=2 \
  -DCODE=2 -DSTRCODE=2 -DSTRING=2 -DCONST=2 -DENTRY=2 -k \
  C:\Users\DUYNGO~1\AppData\Local\Temp\s5o8.o \
  dist/default/production\DIM-TRIAC-ZIGBEE.production.o 

Object code version is 3.11

Machine type is 16LF1559



                Name                               Link     Load   Length Selector   Space Scale
C:\Users\DUYNGO~1\AppData\Local\Temp\s5o8.o
                end_init                             31       31        2        8       0
                reset_vec                             0        0        2        0       0
                config                             8007     8007        2    1000E       0
dist/default/production\DIM-TRIAC-ZIGBEE.production.o
                cinit                                33       33       58        8       0
                intentry                              4        4       2D        8       0
                text62                              557      557       1D      892       0
                text61                              FDA      FDA        1     1FB4       0
                text60                              765      765       10      E8A       0
                text59                              FE8      FE8        4     1FD0       0
                text58                              49A      49A       25      892       0
                text57                              659      659       17      892       0
                text56                              FDC      FDC        3     1FB8       0
                text55                              FDB      FDB        1     1FB6       0
                text54                              FEC      FEC        4     1FD8       0
                text53                              FDF      FDF        3     1FBE       0
                text52                              37D      37D       36        8       0
                text51                              3E7      3E7       32        8       0
                text50                                2        2        1        0       0
                text49                              641      641       18      892       0
                text48                              3B3      3B3       34        8       0
                text46                              7FE      7FE        2      FE4       0
                text45                              7CD      7CD        9      F2E       0
                text44                              4BF      4BF       23      892       0
                text43                              53A      53A       1D      892       0
                text42                              4E2      4E2       1E      892       0
                text41                              FE2      FE2        3     1FC4       0
                text40                              FE5      FE5        3     1FCA       0
                text39                              7DE      7DE        8      F2E       0
                text38                              722      722       12      E20       0
                text37                              7C4      7C4        9      F2E       0
                text36                              7BB      7BB        9      F2E       0
                text35                              7B2      7B2        9      F2E       0
                text34                              7A9      7A9        9      F2E       0
                text33                              303      303       43        8       0
                text32                              7A0      7A0        9      F2E       0
                text31                              781      781        C      E8A       0
                text30                              710      710       12      E20       0
                text29                              6EB      6EB       13      DB0       0
                text28                              346      346       37        8       0
                text27                              449      449       2C      892       0
                text26                              51D      51D       1D      892       0
                text25                              6D8      6D8       13      DB0       0
                text24                              797      797        9      F2E       0
                text23                              629      629       18      892       0
                text22                              755      755       10      E8A       0
                text21                              69B      69B       15      892       0
                text20                              745      745       10      E8A       0
                text19                              775      775        C      E8A       0
                text18                              FF4      FF4        6     1FE8       0
                text17                              590      590       1C      892       0
                text16                              FFA      FFA        6     1FF4       0
                text15                              686      686       15      892       0
                text14                              7D6      7D6        8      F2E       0
                text13                              FF0      FF0        4     1FE0       0
                text12                              611      611       18      892       0
                text11                              574      574       1C      892       0
                text10                              5F9      5F9       18      892       0
                text9                               500      500       1D      892       0
                text8                               13A      13A       9B        8       0
                text7                               5C7      5C7       1A      892       0
                text6                               1D5      1D5       96        8       0
                text5                               475      475       25      892       0
                text4                               670      670       16      892       0
                text3                               5E1      5E1       18      892       0
                text2                               26B      26B       52        8       0
                text1                               2BD      2BD       46        8       0
                maintext                             8B       8B       AF        8       0
                cstackBANK0                          50       50       16       20       1
                cstackCOMMON                         70       70        6       70       1
                cstackBANK1                          E5       E5        1       A0       1
                clrtext                             7F8      7F8        6      FE4       0
                inittext                            7F2      7F2        6      FE4       0
                bssBANK4                            220      220       40      220       1
                bssBANK3                            1A0      1A0       40      1A0       1
                dataBANK2                           150      150       1B      120       1
                bssBANK2                            120      120       30      120       1
                dataBANK1                            C5       C5       14       A0       1
                bssBANK1                             A0       A0       25       A0       1
                dataBANK0                            66       66        6       20       1
                bssBANK0                             20       20       30       20       1
                dataCOMMON                           7B       7B        1       70       1
                bssCOMMON                            76       76        5       70       1
                stringtext8                         7EC      7EC        6      FD8       0
                stringtext7                         78D      78D        A      F1A       0
                stringtext6                         734      734       11      E68       0
                stringtext5                         6FE      6FE       12      DFC       0
                nvBANK1                              D9       D9        C       A0       1
                nvBANK0                              6C       6C        4       20       1
                stringtext4                         419      419       30      832       0
                stringtext3                        1005     1005        4     2000       0
                stringtext2                        1000     1000        5     2000       0
                stringtext1                         6C4      6C4       14      D88       0
                idataBANK2                          5AC      5AC       1B      892       0
                idataBANK1                          6B0      6B0       14      892       0
                idataBANK0                          7E6      7E6        6      F2E       0
                idataCOMMON                           3        3        1        6       0

TOTAL           Name                               Link     Load   Length     Space
        CLASS   STACK          

        CLASS   CODE           
                end_init                             31       31        2         0
                cinit                                33       33       58         0
                intentry                              4        4       2D         0
                reset_vec                             0        0        2         0
                text62                              557      557       1D         0
                text61                              FDA      FDA        1         0
                text60                              765      765       10         0
                text59                              FE8      FE8        4         0
                text58                              49A      49A       25         0
                text57                              659      659       17         0
                text56                              FDC      FDC        3         0
                text55                              FDB      FDB        1         0
                text54                              FEC      FEC        4         0
                text53                              FDF      FDF        3         0
                text52                              37D      37D       36         0
                text51                              3E7      3E7       32         0
                text50                                2        2        1         0
                text49                              641      641       18         0
                text48                              3B3      3B3       34         0
                text46                              7FE      7FE        2         0
                text45                              7CD      7CD        9         0
                text44                              4BF      4BF       23         0
                text43                              53A      53A       1D         0
                text42                              4E2      4E2       1E         0
                text41                              FE2      FE2        3         0
                text40                              FE5      FE5        3         0
                text39                              7DE      7DE        8         0
                text38                              722      722       12         0
                text37                              7C4      7C4        9         0
                text36                              7BB      7BB        9         0
                text35                              7B2      7B2        9         0
                text34                              7A9      7A9        9         0
                text33                              303      303       43         0
                text32                              7A0      7A0        9         0
                text31                              781      781        C         0
                text30                              710      710       12         0
                text29                              6EB      6EB       13         0
                text28                              346      346       37         0
                text27                              449      449       2C         0
                text26                              51D      51D       1D         0
                text25                              6D8      6D8       13         0
                text24                              797      797        9         0
                text23                              629      629       18         0
                text22                              755      755       10         0
                text21                              69B      69B       15         0
                text20                              745      745       10         0
                text19                              775      775        C         0
                text18                              FF4      FF4        6         0
                text17                              590      590       1C         0
                text16                              FFA      FFA        6         0
                text15                              686      686       15         0
                text14                              7D6      7D6        8         0
                text13                              FF0      FF0        4         0
                text12                              611      611       18         0
                text11                              574      574       1C         0
                text10                              5F9      5F9       18         0
                text9                               500      500       1D         0
                text8                               13A      13A       9B         0
                text7                               5C7      5C7       1A         0
                text6                               1D5      1D5       96         0
                text5                               475      475       25         0
                text4                               670      670       16         0
                text3                               5E1      5E1       18         0
                text2                               26B      26B       52         0
                text1                               2BD      2BD       46         0
                maintext                             8B       8B       AF         0
                clrtext                             7F8      7F8        6         0
                inittext                            7F2      7F2        6         0
                idataBANK2                          5AC      5AC       1B         0
                idataBANK1                          6B0      6B0       14         0
                idataBANK0                          7E6      7E6        6         0
                idataCOMMON                           3        3        1         0

        CLASS   STRCODE        
                stringtext8                         7EC      7EC        6         0
                stringtext7                         78D      78D        A         0
                stringtext6                         734      734       11         0
                stringtext5                         6FE      6FE       12         0
                stringtext4                         419      419       30         0
                stringtext3                        1005     1005        4         0
                stringtext2                        1000     1000        5         0
                stringtext1                         6C4      6C4       14         0

        CLASS   STRING         

        CLASS   CONST          

        CLASS   ENTRY          

        CLASS   COMMON         
                cstackCOMMON                         70       70        6         1
                dataCOMMON                           7B       7B        1         1
                bssCOMMON                            76       76        5         1

        CLASS   BANK0          
                cstackBANK0                          50       50       16         1
                dataBANK0                            66       66        6         1
                bssBANK0                             20       20       30         1
                nvBANK0                              6C       6C        4         1

        CLASS   BANK1          
                cstackBANK1                          E5       E5        1         1
                dataBANK1                            C5       C5       14         1
                bssBANK1                             A0       A0       25         1
                nvBANK1                              D9       D9        C         1

        CLASS   BANK2          
                dataBANK2                           150      150       1B         1
                bssBANK2                            120      120       30         1

        CLASS   BANK3          
                bssBANK3                            1A0      1A0       40         1

        CLASS   BANK4          
                bssBANK4                            220      220       40         1

        CLASS   BANK5          

        CLASS   BANK6          

        CLASS   BIGRAM         

        CLASS   RAM            

        CLASS   ABS1           
                abs_s1                               7E       7E        2         1

        CLASS   SFR0           

        CLASS   SFR1           

        CLASS   SFR2           

        CLASS   SFR3           

        CLASS   SFR4           

        CLASS   SFR5           

        CLASS   SFR6           

        CLASS   SFR7           

        CLASS   SFR8           

        CLASS   SFR9           

        CLASS   SFR10          

        CLASS   SFR11          

        CLASS   SFR12          

        CLASS   SFR13          

        CLASS   SFR14          

        CLASS   SFR15          

        CLASS   SFR16          

        CLASS   SFR17          

        CLASS   SFR18          

        CLASS   SFR19          

        CLASS   SFR20          

        CLASS   SFR21          

        CLASS   SFR22          

        CLASS   SFR23          

        CLASS   SFR24          

        CLASS   SFR25          

        CLASS   SFR26          

        CLASS   SFR27          

        CLASS   SFR28          

        CLASS   SFR29          

        CLASS   SFR30          

        CLASS   SFR31          

        CLASS   CONFIG         
                config                             8007     8007        2         0

        CLASS   IDLOC          

        CLASS   BANK31         

        CLASS   BANK30         

        CLASS   BANK29         

        CLASS   BANK28         

        CLASS   BANK27         

        CLASS   BANK26         

        CLASS   BANK25         

        CLASS   BANK24         

        CLASS   BANK23         

        CLASS   BANK22         

        CLASS   BANK21         

        CLASS   BANK20         

        CLASS   BANK19         

        CLASS   BANK18         

        CLASS   BANK17         

        CLASS   BANK16         

        CLASS   BANK15         

        CLASS   BANK14         

        CLASS   BANK13         

        CLASS   BANK12         

        CLASS   BANK11         

        CLASS   BANK10         

        CLASS   BANK9          

        CLASS   BANK8          

        CLASS   BANK7          

        CLASS   EEDATA         



SEGMENTS        Name                           Load    Length   Top    Selector   Space  Class     Delta

                reset_vec                      000000  000003  000003         0       0  CODE        2
                idataCOMMON                    000003  000001  000004         6       0  CODE        2
                intentry                       000004  000415  000419         8       0  CODE        2
                bssBANK0                       000020  000050  000070        20       1  BANK0       1
                cstackCOMMON                   000070  00000C  00007C        70       1  COMMON      1
                bssBANK1                       0000A0  000046  0000E6        A0       1  BANK1       1
                bssBANK2                       000120  00004B  00016B       120       1  BANK2       1
                bssBANK3                       0001A0  000040  0001E0       1A0       1  BANK3       1
                bssBANK4                       000220  000040  000260       220       1  BANK4       1
                stringtext4                    000419  000030  000449       832       0  STRCODE     2
                text27                         000449  00027B  0006C4       892       0  CODE        2
                stringtext1                    0006C4  000014  0006D8       D88       0  STRCODE     2
                text25                         0006D8  000026  0006FE       DB0       0  CODE        2
                stringtext5                    0006FE  000012  000710       DFC       0  STRCODE     2
                text30                         000710  000024  000734       E20       0  CODE        2
                stringtext6                    000734  000011  000745       E68       0  STRCODE     2
                text20                         000745  000048  00078D       E8A       0  CODE        2
                stringtext7                    00078D  00000A  000797       F1A       0  STRCODE     2
                text24                         000797  000055  0007EC       F2E       0  CODE        2
                stringtext8                    0007EC  000006  0007F2       FD8       0  STRCODE     2
                inittext                       0007F2  00000E  000800       FE4       0  CODE        2
                text61                         000FDA  000001  000FDB      1FB4       0  CODE        2
                text55                         000FDB  000001  000FDC      1FB6       0  CODE        2
                text56                         000FDC  000003  000FDF      1FB8       0  CODE        2
                text53                         000FDF  000003  000FE2      1FBE       0  CODE        2
                text41                         000FE2  000003  000FE5      1FC4       0  CODE        2
                text40                         000FE5  000003  000FE8      1FCA       0  CODE        2
                text59                         000FE8  000004  000FEC      1FD0       0  CODE        2
                text54                         000FEC  000004  000FF0      1FD8       0  CODE        2
                text13                         000FF0  000004  000FF4      1FE0       0  CODE        2
                text18                         000FF4  000006  000FFA      1FE8       0  CODE        2
                text16                         000FFA  000006  001000      1FF4       0  CODE        2
                stringtext2                    001000  000009  001009      2000       0  STRCODE     2
                config                         008007  000002  008009     1000E       0  CONFIG      2


UNUSED ADDRESS RANGES

        Name                Unused          Largest block    Delta
        BANK1            000E6-000EF               A           1
        BANK2            0016B-0016F               5           1
        BANK3            001E0-001EF              10           1
        BANK4            00260-0026F              10           1
        BANK5            002A0-002EF              50           1
        BANK6            00320-0032F              10           1
        BIGRAM           02000-021EF             1F0           1
        CODE             00800-00FD9             7DA           2
                         01009-01FFF             7F7
        COMMON           0007C-0007D               2           1
        CONST            00800-00FD9             100           2
                         01009-01FFF             100
        ENTRY            00800-00FD9             100           2
                         01009-01FFF             100
        IDLOC            08000-08003               4           2
        RAM              000E6-000EF               A           1
                         0016B-0016F               5
                         001E0-001EF              10
                         00260-0026F              10
                         002A0-002EF              50
                         00320-0032F              10
        SFR0             00000-0001F              20           1
        SFR1             00080-0009F              20           1
        SFR10            00500-0056F              70           1
        SFR11            00580-005EF              70           1
        SFR12            00600-0066F              70           1
        SFR13            00680-006EF              70           1
        SFR14            00700-0076F              70           1
        SFR15            00780-007EF              70           1
        SFR16            00800-0086F              70           1
        SFR17            00880-008EF              70           1
        SFR18            00900-0096F              70           1
        SFR19            00980-009EF              70           1
        SFR2             00100-0011F              20           1
        SFR20            00A00-00A6F              70           1
        SFR21            00A80-00AEF              70           1
        SFR22            00B00-00B6F              70           1
        SFR23            00B80-00BEF              70           1
        SFR24            00C00-00C6F              70           1
        SFR25            00C80-00CEF              70           1
        SFR26            00D00-00D6F              70           1
        SFR27            00D80-00DEF              70           1
        SFR28            00E00-00E6F              70           1
        SFR29            00E80-00EEF              70           1
        SFR3             00180-0019F              20           1
        SFR30            00F00-00F6F              70           1
        SFR31            00F80-00FEF              70           1
        SFR4             00200-0021F              20           1
        SFR5             00280-0029F              20           1
        SFR6             00300-0031F              20           1
        SFR7             00380-003EF              70           1
        SFR8             00400-0046F              70           1
        SFR9             00480-004EF              70           1
        STACK            02180-021EF              70           1
        STRCODE          00800-00FD9             7DA           2
                         01009-01FFF             FF7
        STRING           00800-00FD9             100           2
                         01009-01FFF             100

                                  Symbol Table

?___wmul                                              cstackBANK0  00050
?_atoi                                                cstackBANK0  00056
?_isdigit                                             cstackBANK0  00050
?_isspace                                             cstackBANK0  00050
?_strlen                                              cstackBANK0  00050
?_strncmp                                             cstackBANK0  00050
EUSART_Read@readValue                                 cstackCOMMON 00071
EUSART_SetErrorHandler@interruptHandler               cstackBANK0  00050
EUSART_SetFramingErrorHandler@interruptHandler        cstackBANK0  00050
EUSART_SetOverrunErrorHandler@interruptHandler        cstackBANK0  00050
EUSART_SetRxInterruptHandler@interruptHandler         cstackBANK0  00050
EUSART_SetTxInterruptHandler@interruptHandler         cstackBANK0  00050
EUSART_Write@txData                                   cstackBANK0  00050
INT_SetInterruptHandler@InterruptHandler              cstackBANK0  00050
MTOUCH_Button_Initialize@button                       cstackBANK0  00059
MTOUCH_Button_Initialize@name                         cstackBANK0  00058
MTOUCH_Button_InitializeAll@button                    cstackBANK0  0005B
MTOUCH_Sensor_Calibrate@sensor                        cstackBANK0  00055
MTOUCH_Sensor_Enable@sensor                           cstackBANK0  00055
MTOUCH_Sensor_Initialize@sensor                       cstackBANK0  00057
MTOUCH_Sensor_InitializeAll@sensor                    cstackBANK0  00059
MTOUCH_Sensor_Sampled_ResetAll@sensor                 cstackBANK0  00052
ReadyReceiveBuffer@position                           cstackBANK0  00051
ReceivedMessage@readByte                              cstackCOMMON 00073
SendString@command                                    cstackBANK0  00052
Sensor_Sampled_Reset@sensor                           cstackBANK0  00050
Sensor_Scanfrequency_Evaluation@frequency_hop         stringtext2  01000
TMR0_ISR@tick_count                                   bssBANK0     00039
TMR0_SetInterruptHandler@InterruptHandler             cstackBANK0  00050
_AAD1CAP                                              (abs)        00719
_AAD1CON2                                             (abs)        00713
_AAD1CON3                                             (abs)        00714
_AAD1GRD                                              (abs)        00718
_AAD1RES0                                             (abs)        0071A
_AAD2CON3                                             (abs)        00794
_AAD2GRD                                              (abs)        00798
_AAD2RES0                                             (abs)        0079A
_AD1ACQCON                                            (abs)        00717
_AD1CON0                                              (abs)        00711
_AD1CON0bits                                          (abs)        00711
_AD1CON2                                              (abs)        00713
_AD1CON3                                              (abs)        00714
_AD1PRECON                                            (abs)        00716
_AD2ACQCON                                            (abs)        00797
_AD2CON0                                              (abs)        00791
_AD2CON0bits                                          (abs)        00791
_AD2CON2                                              (abs)        00793
_AD2CON3                                              (abs)        00794
_AD2PRECON                                            (abs)        00796
_ADCOMCON                                             (abs)        00712
_ANSELA                                               (abs)        0018C
_ANSELB                                               (abs)        0018D
_ANSELC                                               (abs)        0018E
_APFCON                                               (abs)        0011D
_APFCONbits                                           (abs)        0011D
_BAUDCON                                              (abs)        0019F
_BORCON                                               (abs)        00116
_Button_DefaultCallback                               (abs)        00000
_Button_StateMachine                                  dataBANK1    000D3
_Button_State_Initializing                            (abs)        00000
_Button_State_NotPressed                              (abs)        00000
_Button_State_Pressed                                 (abs)        00000
_EUSART_DefaultErrorHandler                           text56       00FDC
_EUSART_DefaultFramingErrorHandler                    text55       00FDB
_EUSART_DefaultOverrunErrorHandler                    text54       00FEC
_EUSART_ErrorHandler                                  nvBANK1      000DB
_EUSART_FramingErrorHandler                           nvBANK1      000DF
_EUSART_Initialize                                    text33       00303
_EUSART_OverrunErrorHandler                           nvBANK1      000DD
_EUSART_Read                                          text58       0049A
_EUSART_Receive_ISR                                   text51       003E7
_EUSART_RxDataHandler                                 text57       00659
_EUSART_RxDefaultInterruptHandler                     nvBANK1      000E1
_EUSART_SetErrorHandler                               text37       007C4
_EUSART_SetFramingErrorHandler                        text36       007BB
_EUSART_SetOverrunErrorHandler                        text35       007B2
_EUSART_SetRxInterruptHandler                         text45       007CD
_EUSART_SetTxInterruptHandler                         text34       007A9
_EUSART_Transmit_ISR                                  text62       00557
_EUSART_TxDefaultInterruptHandler                     nvBANK1      000E3
_EUSART_Write                                         text44       004BF
_EUSART_is_rx_ready                                   text53       00FDF
_EUSART_is_tx_done                                    (abs)        00000
_EUSART_is_tx_ready                                   (abs)        00000
_EXT_INT_Initialize                                   text31       00781
_GIE                                                  (abs)        0005F
_GetResponse                                          text46       007FE
_INIT_SMART_LIGHT                                     text42       004E2
_INTCONbits                                           (abs)        0000B
_INTERRUPT_InterruptManager                           intentry     00004
_INT_CallBack                                         text60       00765
_INT_DefaultInterruptHandler                          text61       00FDA
_INT_ISR                                              text59       00FE8
_INT_InterruptHandler                                 nvBANK1      000D9
_INT_SetInterruptHandler                              text32       007A0
_LATA                                                 (abs)        0010C
_LATAbits                                             (abs)        0010C
_LATB                                                 (abs)        0010D
_LATC                                                 (abs)        0010E
_LATCbits                                             (abs)        0010E
_LED_DOWN_OFF                                         text41       00FE2
_LED_OFF                                              text39       007DE
_LED_UP_OFF                                           text40       00FE5
_MTOUCH_Button_Initialize                             text28       00346
_MTOUCH_Button_InitializeAll                          text26       0051D
_MTOUCH_Initialize                                    text19       00775
_MTOUCH_Sensor_Calibrate                              text29       006EB
_MTOUCH_Sensor_Enable                                 text25       006D8
_MTOUCH_Sensor_Initialize                             text23       00629
_MTOUCH_Sensor_InitializeAll                          text22       00755
_MTOUCH_Sensor_Sampled_ResetAll                       text21       0069B
_MTOUCH_Sensor_Scan_Initialize                        text20       00745
_Num_Char                                             bssBANK0     0004D
_OPTION_REG                                           (abs)        00095
_OPTION_REGbits                                       (abs)        00095
_OSCCON                                               (abs)        00099
_OSCILLATOR_Initialize                                text18       00FF4
_PIE1bits                                             (abs)        00091
_PIN_MANAGER_Initialize                               text17       00590
_PIR1bits                                             (abs)        00011
_PIR2bits                                             (abs)        00012
_PR2                                                  (abs)        0001B
_RCREG                                                (abs)        00199
_RCSTA                                                (abs)        0019D
_RCSTAbits                                            (abs)        0019D
_ReadyReceiveBuffer                                   text38       00722
_ReceivedMessage                                      text52       0037D
_ResponseBuffer                                       bssBANK3     001A0
_ResponseIndex                                        bssBANK0     00037
_SPBRGH                                               (abs)        0019C
_SPBRGL                                               (abs)        0019B
_SYSTEM_Initialize                                    text12       00611
_SendString                                           text43       0053A
_Sensor_DefaultCallback                               (abs)        00000
_Sensor_Sampled_Reset                                 text24       00797
_Storage                                              bssBANK4     00220
_Storage2                                             bssBANK1     000BC
_T2CON                                                (abs)        0001C
_T2CONbits                                            (abs)        0001C
_TMR0                                                 (abs)        00015
_TMR0_CallBack                                        text49       00641
_TMR0_DefaultInterruptHandler                         text50       00002
_TMR0_ISR                                             text48       003B3
_TMR0_Initialize                                      text15       00686
_TMR0_InterruptHandler                                nvBANK0      0006C
_TMR0_SetInterruptHandler                             text16       00FFA
_TMR2                                                 (abs)        0001A
_TMR2_Initialize                                      text14       007D6
_TRISA                                                (abs)        0008C
_TRISB                                                (abs)        0008D
_TRISC                                                (abs)        0008E
_TXREG                                                (abs)        0019A
_TXSTA                                                (abs)        0019E
_TXSTAbits                                            (abs)        0019E
_WDTCON                                               (abs)        00097
_WDT_Initialize                                       text13       00FF0
_WPUA                                                 (abs)        0020C
_WPUB                                                 (abs)        0020D
__CFG_BOREN$NSLEEP                                    (abs)        00000
__CFG_BORV$LO                                         (abs)        00000
__CFG_CLKOUTEN$OFF                                    (abs)        00000
__CFG_CP$OFF                                          (abs)        00000
__CFG_FOSC$INTOSC                                     (abs)        00000
__CFG_LPBOR$ON                                        (abs)        00000
__CFG_LVP$ON                                          (abs)        00000
__CFG_MCLRE$ON                                        (abs)        00000
__CFG_PWRTE$OFF                                       (abs)        00000
__CFG_STVREN$OFF                                      (abs)        00000
__CFG_WDTE$OFF                                        (abs)        00000
__CFG_WRT$OFF                                         (abs)        00000
__Habs1                                               abs1         00000
__Hbank0                                              bank0        00000
__Hbank1                                              bank1        00000
__Hbank10                                             bank10       00000
__Hbank11                                             bank11       00000
__Hbank12                                             bank12       00000
__Hbank13                                             bank13       00000
__Hbank14                                             bank14       00000
__Hbank15                                             bank15       00000
__Hbank16                                             bank16       00000
__Hbank17                                             bank17       00000
__Hbank18                                             bank18       00000
__Hbank19                                             bank19       00000
__Hbank2                                              bank2        00000
__Hbank20                                             bank20       00000
__Hbank21                                             bank21       00000
__Hbank22                                             bank22       00000
__Hbank23                                             bank23       00000
__Hbank24                                             bank24       00000
__Hbank25                                             bank25       00000
__Hbank26                                             bank26       00000
__Hbank27                                             bank27       00000
__Hbank28                                             bank28       00000
__Hbank29                                             bank29       00000
__Hbank3                                              bank3        00000
__Hbank30                                             bank30       00000
__Hbank31                                             bank31       00000
__Hbank4                                              bank4        00000
__Hbank5                                              bank5        00000
__Hbank6                                              bank6        00000
__Hbank7                                              bank7        00000
__Hbank8                                              bank8        00000
__Hbank9                                              bank9        00000
__Hbigram                                             bigram       00000
__HbssBANK0                                           bssBANK0     00000
__HbssBANK1                                           bssBANK1     00000
__HbssBANK2                                           bssBANK2     00000
__HbssBANK3                                           bssBANK3     00000
__HbssBANK4                                           bssBANK4     00000
__HbssCOMMON                                          bssCOMMON    00000
__Hcinit                                              cinit        0008B
__Hclrtext                                            clrtext      00000
__Hcode                                               code         00000
__Hcommon                                             common       00000
__Hconfig                                             config       08009
__HcstackBANK0                                        cstackBANK0  00000
__HcstackBANK1                                        cstackBANK1  00000
__HcstackCOMMON                                       cstackCOMMON 00000
__HdataBANK0                                          dataBANK0    00000
__HdataBANK1                                          dataBANK1    00000
__HdataBANK2                                          dataBANK2    00000
__HdataCOMMON                                         dataCOMMON   00000
__Heeprom_data                                        eeprom_data  00000
__Hend_init                                           end_init     00033
__Hfunctab                                            functab      00000
__HidataBANK0                                         idataBANK0   00000
__HidataBANK1                                         idataBANK1   00000
__HidataBANK2                                         idataBANK2   00000
__HidataCOMMON                                        idataCOMMON  00000
__Hidloc                                              idloc        00000
__Hinit                                               init         00031
__Hinittext                                           inittext     00000
__Hintentry                                           intentry     00031
__Hmaintext                                           maintext     00000
__HnvBANK0                                            nvBANK0      00000
__HnvBANK1                                            nvBANK1      00000
__Hpowerup                                            powerup      00000
__Hram                                                ram          00000
__Hreset_vec                                          reset_vec    00002
__Hsfr0                                               sfr0         00000
__Hsfr1                                               sfr1         00000
__Hsfr10                                              sfr10        00000
__Hsfr11                                              sfr11        00000
__Hsfr12                                              sfr12        00000
__Hsfr13                                              sfr13        00000
__Hsfr14                                              sfr14        00000
__Hsfr15                                              sfr15        00000
__Hsfr16                                              sfr16        00000
__Hsfr17                                              sfr17        00000
__Hsfr18                                              sfr18        00000
__Hsfr19                                              sfr19        00000
__Hsfr2                                               sfr2         00000
__Hsfr20                                              sfr20        00000
__Hsfr21                                              sfr21        00000
__Hsfr22                                              sfr22        00000
__Hsfr23                                              sfr23        00000
__Hsfr24                                              sfr24        00000
__Hsfr25                                              sfr25        00000
__Hsfr26                                              sfr26        00000
__Hsfr27                                              sfr27        00000
__Hsfr28                                              sfr28        00000
__Hsfr29                                              sfr29        00000
__Hsfr3                                               sfr3         00000
__Hsfr30                                              sfr30        00000
__Hsfr31                                              sfr31        00000
__Hsfr4                                               sfr4         00000
__Hsfr5                                               sfr5         00000
__Hsfr6                                               sfr6         00000
__Hsfr7                                               sfr7         00000
__Hsfr8                                               sfr8         00000
__Hsfr9                                               sfr9         00000
__Hspace_0                                            (abs)        08009
__Hspace_1                                            (abs)        00260
__Hspace_2                                            (abs)        00000
__Hspace_3                                            (abs)        00000
__Hstack                                              stack        00000
__Hstrings                                            strings      00000
__Hstringtext1                                        stringtext1  00000
__Hstringtext2                                        stringtext2  00000
__Hstringtext3                                        stringtext3  00000
__Hstringtext4                                        stringtext4  00000
__Hstringtext5                                        stringtext5  00000
__Hstringtext6                                        stringtext6  00000
__Hstringtext7                                        stringtext7  00000
__Hstringtext8                                        stringtext8  00000
__Hstringtext9                                        stringtext9  00000
__Htext                                               text         00000
__Labs1                                               abs1         00000
__Lbank0                                              bank0        00000
__Lbank1                                              bank1        00000
__Lbank10                                             bank10       00000
__Lbank11                                             bank11       00000
__Lbank12                                             bank12       00000
__Lbank13                                             bank13       00000
__Lbank14                                             bank14       00000
__Lbank15                                             bank15       00000
__Lbank16                                             bank16       00000
__Lbank17                                             bank17       00000
__Lbank18                                             bank18       00000
__Lbank19                                             bank19       00000
__Lbank2                                              bank2        00000
__Lbank20                                             bank20       00000
__Lbank21                                             bank21       00000
__Lbank22                                             bank22       00000
__Lbank23                                             bank23       00000
__Lbank24                                             bank24       00000
__Lbank25                                             bank25       00000
__Lbank26                                             bank26       00000
__Lbank27                                             bank27       00000
__Lbank28                                             bank28       00000
__Lbank29                                             bank29       00000
__Lbank3                                              bank3        00000
__Lbank30                                             bank30       00000
__Lbank31                                             bank31       00000
__Lbank4                                              bank4        00000
__Lbank5                                              bank5        00000
__Lbank6                                              bank6        00000
__Lbank7                                              bank7        00000
__Lbank8                                              bank8        00000
__Lbank9                                              bank9        00000
__Lbigram                                             bigram       00000
__LbssBANK0                                           bssBANK0     00000
__LbssBANK1                                           bssBANK1     00000
__LbssBANK2                                           bssBANK2     00000
__LbssBANK3                                           bssBANK3     00000
__LbssBANK4                                           bssBANK4     00000
__LbssCOMMON                                          bssCOMMON    00000
__Lcinit                                              cinit        00033
__Lclrtext                                            clrtext      00000
__Lcode                                               code         00000
__Lcommon                                             common       00000
__Lconfig                                             config       08007
__LcstackBANK0                                        cstackBANK0  00000
__LcstackBANK1                                        cstackBANK1  00000
__LcstackCOMMON                                       cstackCOMMON 00000
__LdataBANK0                                          dataBANK0    00000
__LdataBANK1                                          dataBANK1    00000
__LdataBANK2                                          dataBANK2    00000
__LdataCOMMON                                         dataCOMMON   00000
__Leeprom_data                                        eeprom_data  00000
__Lend_init                                           end_init     00031
__Lfunctab                                            functab      00000
__LidataBANK0                                         idataBANK0   00000
__LidataBANK1                                         idataBANK1   00000
__LidataBANK2                                         idataBANK2   00000
__LidataCOMMON                                        idataCOMMON  00000
__Lidloc                                              idloc        00000
__Linit                                               init         00031
__Linittext                                           inittext     00000
__Lintentry                                           intentry     00004
__Lmaintext                                           maintext     00000
__LnvBANK0                                            nvBANK0      00000
__LnvBANK1                                            nvBANK1      00000
__Lpowerup                                            powerup      00000
__Lram                                                ram          00000
__Lreset_vec                                          reset_vec    00000
__Lsfr0                                               sfr0         00000
__Lsfr1                                               sfr1         00000
__Lsfr10                                              sfr10        00000
__Lsfr11                                              sfr11        00000
__Lsfr12                                              sfr12        00000
__Lsfr13                                              sfr13        00000
__Lsfr14                                              sfr14        00000
__Lsfr15                                              sfr15        00000
__Lsfr16                                              sfr16        00000
__Lsfr17                                              sfr17        00000
__Lsfr18                                              sfr18        00000
__Lsfr19                                              sfr19        00000
__Lsfr2                                               sfr2         00000
__Lsfr20                                              sfr20        00000
__Lsfr21                                              sfr21        00000
__Lsfr22                                              sfr22        00000
__Lsfr23                                              sfr23        00000
__Lsfr24                                              sfr24        00000
__Lsfr25                                              sfr25        00000
__Lsfr26                                              sfr26        00000
__Lsfr27                                              sfr27        00000
__Lsfr28                                              sfr28        00000
__Lsfr29                                              sfr29        00000
__Lsfr3                                               sfr3         00000
__Lsfr30                                              sfr30        00000
__Lsfr31                                              sfr31        00000
__Lsfr4                                               sfr4         00000
__Lsfr5                                               sfr5         00000
__Lsfr6                                               sfr6         00000
__Lsfr7                                               sfr7         00000
__Lsfr8                                               sfr8         00000
__Lsfr9                                               sfr9         00000
__Lspace_0                                            (abs)        00000
__Lspace_1                                            (abs)        00000
__Lspace_2                                            (abs)        00000
__Lspace_3                                            (abs)        00000
__Lstack                                              stack        00000
__Lstrings                                            strings      00000
__Lstringtext1                                        stringtext1  00000
__Lstringtext2                                        stringtext2  00000
__Lstringtext3                                        stringtext3  00000
__Lstringtext4                                        stringtext4  00000
__Lstringtext5                                        stringtext5  00000
__Lstringtext6                                        stringtext6  00000
__Lstringtext7                                        stringtext7  00000
__Lstringtext8                                        stringtext8  00000
__Lstringtext9                                        stringtext9  00000
__Ltext                                               text         00000
__S0                                                  (abs)        08009
__S1                                                  (abs)        00260
__S2                                                  (abs)        00000
___bmul                                               text30       00710
___bmul@multiplicand                                  cstackBANK0  00050
___bmul@multiplier                                    cstackBANK0  00053
___bmul@product                                       cstackBANK0  00052
___int_sp                                             stack        00000
___latbits                                            (abs)        00002
___sp                                                 stack        00000
___stackhi                                            (abs)        021EF
___stacklo                                            (abs)        02180
___wmul                                               text11       00574
___wmul@multiplicand                                  cstackBANK0  00052
___wmul@multiplier                                    cstackBANK0  00050
___wmul@product                                       cstackBANK0  00054
__end_ofSensor_Scanfrequency_Evaluation@frequency_hop stringtext2  01005
__end_of_EUSART_DefaultErrorHandler                   text56       00FDF
__end_of_EUSART_DefaultFramingErrorHandler            text55       00FDC
__end_of_EUSART_DefaultOverrunErrorHandler            text54       00FF0
__end_of_EUSART_Initialize                            text33       00346
__end_of_EUSART_Read                                  text58       004BF
__end_of_EUSART_Receive_ISR                           text51       00419
__end_of_EUSART_RxDataHandler                         text57       00670
__end_of_EUSART_SetErrorHandler                       text37       007CD
__end_of_EUSART_SetFramingErrorHandler                text36       007C4
__end_of_EUSART_SetOverrunErrorHandler                text35       007BB
__end_of_EUSART_SetRxInterruptHandler                 text45       007D6
__end_of_EUSART_SetTxInterruptHandler                 text34       007B2
__end_of_EUSART_Transmit_ISR                          text62       00574
__end_of_EUSART_Write                                 text44       004E2
__end_of_EUSART_is_rx_ready                           text53       00FE2
__end_of_EXT_INT_Initialize                           text31       0078D
__end_of_GetResponse                                  text46       00800
__end_of_INIT_SMART_LIGHT                             text42       00500
__end_of_INTERRUPT_InterruptManager                   intentry     00031
__end_of_INT_CallBack                                 text60       00775
__end_of_INT_DefaultInterruptHandler                  text61       00FDB
__end_of_INT_ISR                                      text59       00FEC
__end_of_INT_SetInterruptHandler                      text32       007A9
__end_of_LED_DOWN_OFF                                 text41       00FE5
__end_of_LED_OFF                                      text39       007E6
__end_of_LED_UP_OFF                                   text40       00FE8
__end_of_MTOUCH_Button_Initialize                     text28       0037D
__end_of_MTOUCH_Button_InitializeAll                  text26       0053A
__end_of_MTOUCH_Initialize                            text19       00781
__end_of_MTOUCH_Sensor_Calibrate                      text29       006FE
__end_of_MTOUCH_Sensor_Enable                         text25       006EB
__end_of_MTOUCH_Sensor_Initialize                     text23       00641
__end_of_MTOUCH_Sensor_InitializeAll                  text22       00765
__end_of_MTOUCH_Sensor_Sampled_ResetAll               text21       006B0
__end_of_MTOUCH_Sensor_Scan_Initialize                text20       00755
__end_of_OSCILLATOR_Initialize                        text18       00FFA
__end_of_PIN_MANAGER_Initialize                       text17       005AC
__end_of_ReadyReceiveBuffer                           text38       00734
__end_of_ReceivedMessage                              text52       003B3
__end_of_SYSTEM_Initialize                            text12       00629
__end_of_SendString                                   text43       00557
__end_of_Sensor_Sampled_Reset                         text24       007A0
__end_of_TMR0_CallBack                                text49       00659
__end_of_TMR0_DefaultInterruptHandler                 text50       00003
__end_of_TMR0_ISR                                     text48       003E7
__end_of_TMR0_Initialize                              text15       0069B
__end_of_TMR0_SetInterruptHandler                     text16       01000
__end_of_TMR2_Initialize                              text14       007DE
__end_of_WDT_Initialize                               text13       00FF4
__end_of___bmul                                       text30       00722
__end_of___wmul                                       text11       00590
__end_of__initialization                              cinit        00087
__end_of_atoi                                         text8        001D5
__end_of_blockingWait                                 text7        005E1
__end_of_isdigit                                      text10       00611
__end_of_isspace                                      text9        0051D
__end_of_main                                         maintext     0013A
__end_of_memcpy                                       text27       00475
__end_of_memset                                       text6        0026B
__end_of_mtouch_button_init                           stringtext4  00449
__end_of_sensor_scan_group                            stringtext3  01009
__end_of_strchr                                       text4        00686
__end_of_strcpy                                       text5        0049A
__end_of_strlen                                       text3        005F9
__end_of_strncmp                                      text2        002BD
__end_of_strstr                                       text1        00303
__end_of_uart                                         stringtext1  006D8
__initialization                                      cinit        00033
__pbssBANK0                                           bssBANK0     00020
__pbssBANK1                                           bssBANK1     000A0
__pbssBANK2                                           bssBANK2     00120
__pbssBANK3                                           bssBANK3     001A0
__pbssBANK4                                           bssBANK4     00220
__pbssCOMMON                                          bssCOMMON    00076
__pcstackBANK0                                        cstackBANK0  00050
__pcstackBANK1                                        cstackBANK1  000E5
__pcstackCOMMON                                       cstackCOMMON 00070
__pdataBANK0                                          dataBANK0    00066
__pdataBANK1                                          dataBANK1    000C5
__pdataBANK2                                          dataBANK2    00150
__pdataCOMMON                                         dataCOMMON   0007B
__pidataBANK0                                         idataBANK0   007E6
__pidataBANK1                                         idataBANK1   006B0
__pidataBANK2                                         idataBANK2   005AC
__pidataCOMMON                                        idataCOMMON  00003
__pintentry                                           intentry     00004
__pmaintext                                           maintext     0008B
__pnvBANK0                                            nvBANK0      0006C
__pnvBANK1                                            nvBANK1      000D9
__pstringtext1                                        stringtext1  006C4
__pstringtext2                                        stringtext2  01000
__pstringtext3                                        stringtext3  01005
__pstringtext4                                        stringtext4  00419
__pstringtext5                                        stringtext5  006FE
__pstringtext6                                        stringtext6  00734
__pstringtext7                                        stringtext7  0078D
__pstringtext8                                        stringtext8  007EC
__pstringtext9                                        stringtext9  00000
__ptext1                                              text1        002BD
__ptext10                                             text10       005F9
__ptext11                                             text11       00574
__ptext12                                             text12       00611
__ptext13                                             text13       00FF0
__ptext14                                             text14       007D6
__ptext15                                             text15       00686
__ptext16                                             text16       00FFA
__ptext17                                             text17       00590
__ptext18                                             text18       00FF4
__ptext19                                             text19       00775
__ptext2                                              text2        0026B
__ptext20                                             text20       00745
__ptext21                                             text21       0069B
__ptext22                                             text22       00755
__ptext23                                             text23       00629
__ptext24                                             text24       00797
__ptext25                                             text25       006D8
__ptext26                                             text26       0051D
__ptext27                                             text27       00449
__ptext28                                             text28       00346
__ptext29                                             text29       006EB
__ptext3                                              text3        005E1
__ptext30                                             text30       00710
__ptext31                                             text31       00781
__ptext32                                             text32       007A0
__ptext33                                             text33       00303
__ptext34                                             text34       007A9
__ptext35                                             text35       007B2
__ptext36                                             text36       007BB
__ptext37                                             text37       007C4
__ptext38                                             text38       00722
__ptext39                                             text39       007DE
__ptext4                                              text4        00670
__ptext40                                             text40       00FE5
__ptext41                                             text41       00FE2
__ptext42                                             text42       004E2
__ptext43                                             text43       0053A
__ptext44                                             text44       004BF
__ptext45                                             text45       007CD
__ptext46                                             text46       007FE
__ptext48                                             text48       003B3
__ptext49                                             text49       00641
__ptext5                                              text5        00475
__ptext50                                             text50       00002
__ptext51                                             text51       003E7
__ptext52                                             text52       0037D
__ptext53                                             text53       00FDF
__ptext54                                             text54       00FEC
__ptext55                                             text55       00FDB
__ptext56                                             text56       00FDC
__ptext57                                             text57       00659
__ptext58                                             text58       0049A
__ptext59                                             text59       00FE8
__ptext6                                              text6        001D5
__ptext60                                             text60       00765
__ptext61                                             text61       00FDA
__ptext62                                             text62       00557
__ptext7                                              text7        005C7
__ptext8                                              text8        0013A
__ptext9                                              text9        00500
__size_of_EUSART_DefaultErrorHandler                  (abs)        00000
__size_of_EUSART_DefaultFramingErrorHandler           (abs)        00000
__size_of_EUSART_DefaultOverrunErrorHandler           (abs)        00000
__size_of_EUSART_Initialize                           (abs)        00000
__size_of_EUSART_Read                                 (abs)        00000
__size_of_EUSART_Receive_ISR                          (abs)        00000
__size_of_EUSART_RxDataHandler                        (abs)        00000
__size_of_EUSART_SetErrorHandler                      (abs)        00000
__size_of_EUSART_SetFramingErrorHandler               (abs)        00000
__size_of_EUSART_SetOverrunErrorHandler               (abs)        00000
__size_of_EUSART_SetRxInterruptHandler                (abs)        00000
__size_of_EUSART_SetTxInterruptHandler                (abs)        00000
__size_of_EUSART_Transmit_ISR                         (abs)        00000
__size_of_EUSART_Write                                (abs)        00000
__size_of_EUSART_is_rx_ready                          (abs)        00000
__size_of_EXT_INT_Initialize                          (abs)        00000
__size_of_GetResponse                                 (abs)        00000
__size_of_INIT_SMART_LIGHT                            (abs)        00000
__size_of_INTERRUPT_InterruptManager                  (abs)        00000
__size_of_INT_CallBack                                (abs)        00000
__size_of_INT_DefaultInterruptHandler                 (abs)        00000
__size_of_INT_ISR                                     (abs)        00000
__size_of_INT_SetInterruptHandler                     (abs)        00000
__size_of_LED_DOWN_OFF                                (abs)        00000
__size_of_LED_OFF                                     (abs)        00000
__size_of_LED_UP_OFF                                  (abs)        00000
__size_of_MTOUCH_Button_Initialize                    (abs)        00000
__size_of_MTOUCH_Button_InitializeAll                 (abs)        00000
__size_of_MTOUCH_Initialize                           (abs)        00000
__size_of_MTOUCH_Sensor_Calibrate                     (abs)        00000
__size_of_MTOUCH_Sensor_Enable                        (abs)        00000
__size_of_MTOUCH_Sensor_Initialize                    (abs)        00000
__size_of_MTOUCH_Sensor_InitializeAll                 (abs)        00000
__size_of_MTOUCH_Sensor_Sampled_ResetAll              (abs)        00000
__size_of_MTOUCH_Sensor_Scan_Initialize               (abs)        00000
__size_of_OSCILLATOR_Initialize                       (abs)        00000
__size_of_PIN_MANAGER_Initialize                      (abs)        00000
__size_of_ReadyReceiveBuffer                          (abs)        00000
__size_of_ReceivedMessage                             (abs)        00000
__size_of_SYSTEM_Initialize                           (abs)        00000
__size_of_SendString                                  (abs)        00000
__size_of_Sensor_Sampled_Reset                        (abs)        00000
__size_of_TMR0_CallBack                               (abs)        00000
__size_of_TMR0_DefaultInterruptHandler                (abs)        00000
__size_of_TMR0_ISR                                    (abs)        00000
__size_of_TMR0_Initialize                             (abs)        00000
__size_of_TMR0_SetInterruptHandler                    (abs)        00000
__size_of_TMR2_Initialize                             (abs)        00000
__size_of_WDT_Initialize                              (abs)        00000
__size_of___bmul                                      (abs)        00000
__size_of___wmul                                      (abs)        00000
__size_of_atoi                                        (abs)        00000
__size_of_blockingWait                                (abs)        00000
__size_of_isdigit                                     (abs)        00000
__size_of_isspace                                     (abs)        00000
__size_of_main                                        (abs)        00000
__size_of_memcpy                                      (abs)        00000
__size_of_memset                                      (abs)        00000
__size_of_strchr                                      (abs)        00000
__size_of_strcpy                                      (abs)        00000
__size_of_strlen                                      (abs)        00000
__size_of_strncmp                                     (abs)        00000
__size_of_strstr                                      (abs)        00000
_atoi                                                 text8        0013A
_atoi$2543                                            cstackBANK0  0005E
_atoi$2544                                            cstackBANK0  00062
_atoi$2545                                            cstackBANK0  00060
_blockingWait                                         text7        005C7
_callback_notPressed                                  dataBANK0    00066
_callback_pressed                                     dataBANK0    00068
_callback_sampled                                     dataBANK0    0006A
_config_status                                        bssBANK0     00040
_eusartRxBuffer                                       bssBANK1     000A8
_eusartRxCount                                        bssBANK0     0004A
_eusartRxHead                                         bssCOMMON    00077
_eusartRxLastError                                    bssBANK0     00049
_eusartRxStatusBuffer                                 bssBANK1     000A0
_eusartRxTail                                         bssCOMMON    00076
_eusartTxBuffer                                       bssBANK1     000B0
_eusartTxBufferRemaining                              nvBANK0      0006F
_eusartTxHead                                         bssCOMMON    00079
_eusartTxTail                                         bssCOMMON    00078
_isdigit                                              text10       005F9
_isspace                                              text9        00500
_isspace$2561                                         cstackBANK0  00054
_last_touch_status                                    bssBANK0     00030
_lowpowerActivated                                    bssBANK0     0004B
_main                                                 maintext     0008B
_memcpy                                               text27       00449
_memset                                               text6        001D5
_mtouch_button                                        bssBANK2     00120
_mtouch_button_init                                   stringtext4  00419
_mtouch_sensor                                        dataBANK2    00150
_mtouch_time_toScan                                   bssBANK0     0004C
_packet_noise                                         bssBANK0     00032
_packet_sample                                        bssBANK0     00020
_rxData                                               bssBANK0     00036
_sample_period                                        dataCOMMON   0007B
_sensor_globalFlags                                   bssCOMMON    0007A
_sensor_scan_group                                    stringtext3  01005
[...]
		None
 Auto vars:     Size  Location     Type
		None
 Return value:  Size  Location     Type
                  1    wreg      void 
 Registers used:
		wreg, fsr1l, fsr1h, status,2, status,0, pclath, cstack
 Tracked objects:
		On entry : 
		On exit  : 
		Unchanged: 
 Data sizes:     COMMON   BANK0   BANK1   BANK2   BANK3   BANK4   BANK5   BANK6
      Params:         0       0       0       0       0       0       0       0
      Locals:         0       0       0       0       0       0       0       0
      Temps:          0       0       0       0       0       0       0       0
      Totals:         0       0       0       0       0       0       0       0
Total ram usage:        0 bytes
 Hardware stack levels used:    1
 Hardware stack levels required when called:    2
 This function calls:
		Absolute function
		_EUSART_DefaultErrorHandler
		_EUSART_DefaultFramingErrorHandler
		_EUSART_DefaultOverrunErrorHandler
		_EUSART_RxDataHandler
 This function is called by:
		_EUSART_Initialize
		_ReceivedMessage
		_INTERRUPT_InterruptManager
 This function uses a non-reentrant model


 *************** function _ReceivedMessage *****************
 Defined at:
		line 28 in file "uart.c"
 Parameters:    Size  Location     Type
		None
 Auto vars:     Size  Location     Type
  readByte        1    3[COMMON] unsigned char 
 Return value:  Size  Location     Type
                  1    wreg      void 
 Registers used:
		wreg, fsr0l, fsr0h, fsr1l, fsr1h, status,2, status,0, pclath, cstack
 Tracked objects:
		On entry : 
		On exit  : 
		Unchanged: 
 Data sizes:     COMMON   BANK0   BANK1   BANK2   BANK3   BANK4   BANK5   BANK6
      Params:         0       0       0       0       0       0       0       0
      Locals:         1       0       0       0       0       0       0       0
      Temps:          1       0       0       0       0       0       0       0
      Totals:         2       0       0       0       0       0       0       0
Total ram usage:        2 bytes
 Hardware stack levels used:    1
 Hardware stack levels required when called:    3
 This function calls:
		_EUSART_Read
		_EUSART_Receive_ISR
		_EUSART_is_rx_ready
 This function is called by:
		_INIT_SMART_LIGHT
		_INTERRUPT_InterruptManager
 This function uses a non-reentrant model


 *************** function _EUSART_is_rx_ready *****************
 Defined at:
		line 134 in file "mcc_generated_files/eusart.c"
 Parameters:    Size  Location     Type
		None
 Auto vars:     Size  Location     Type
		None
 Return value:  Size  Location     Type
                  1    wreg      unsigned char 
 Registers used:
		wreg
 Tracked objects:
		On entry : 
		On exit  : 
		Unchanged: 
 Data sizes:     COMMON   BANK0   BANK1   BANK2   BANK3   BANK4   BANK5   BANK6
      Params:         0       0       0       0       0       0       0       0
      Locals:         0       0       0       0       0       0       0       0
      Temps:          0       0       0       0       0       0       0       0
      Totals:         0       0       0       0       0       0       0       0
Total ram usage:        0 bytes
 Hardware stack levels used:    1
 This function calls:
		Nothing
 This function is called by:
		_ReceivedMessage
 This function uses a non-reentrant model


 *************** function _EUSART_DefaultOverrunErrorHandler *****************
 Defined at:
		line 249 in file "mcc_generated_files/eusart.c"
 Parameters:    Size  Location     Type
		None
 Auto vars:     Size  Location     Type
		None
 Return value:  Size  Location     Type
                  1    wreg      void 
 Registers used:
		None
 Tracked objects:
		On entry : 
		On exit  : 
		Unchanged: 
 Data sizes:     COMMON   BANK0   BANK1   BANK2   BANK3   BANK4   BANK5   BANK6
      Params:         0       0       0       0       0       0       0       0
      Locals:         0       0       0       0       0       0       0       0
      Temps:          0       0       0       0       0       0       0       0
      Totals:         0       0       0       0       0       0       0       0
Total ram usage:        0 bytes
 Hardware stack levels used:    1
 This function calls:
		Nothing
 This function is called by:
		_EUSART_Initialize
		_EUSART_Receive_ISR
 This function uses a non-reentrant model


 *************** function _EUSART_DefaultFramingErrorHandler *****************
 Defined at:
		line 247 in file "mcc_generated_files/eusart.c"
 Parameters:    Size  Location     Type
		None
 Auto vars:     Size  Location     Type
		None
 Return value:  Size  Location     Type
                  1    wreg      void 
 Registers used:
		None
 Tracked objects:
		On entry : 
		On exit  : 
		Unchanged: 
 Data sizes:     COMMON   BANK0   BANK1   BANK2   BANK3   BANK4   BANK5   BANK6
      Params:         0       0       0       0       0       0       0       0
      Locals:         0       0       0       0       0       0       0       0
      Temps:          0       0       0       0       0       0       0       0
      Totals:         0       0       0       0       0       0       0       0
Total ram usage:        0 bytes
 Hardware stack levels used:    1
 This function calls:
		Nothing
 This function is called by:
		_EUSART_Initialize
		_EUSART_Receive_ISR
 This function uses a non-reentrant model


 *************** function _EUSART_DefaultErrorHandler *****************
 Defined at:
		line 257 in file "mcc_generated_files/eusart.c"
 Parameters:    Size  Location     Type
		None
 Auto vars:     Size  Location     Type
		None
 Return value:  Size  Location     Type
                  1    wreg      void 
 Registers used:
		wreg, fsr1l, fsr1h, status,2, status,0, pclath, cstack
 Tracked objects:
		On entry : 
		On exit  : 
		Unchanged: 
 Data sizes:     COMMON   BANK0   BANK1   BANK2   BANK3   BANK4   BANK5   BANK6
      Params:         0       0       0       0       0       0       0       0
      Locals:         0       0       0       0       0       0       0       0
      Temps:          0       0       0       0       0       0       0       0
      Totals:         0       0       0       0       0       0       0       0
Total ram usage:        0 bytes
 Hardware stack levels used:    1
 Hardware stack levels required when called:    1
 This function calls:
		_EUSART_RxDataHandler
 This function is called by:
		_EUSART_Initialize
		_EUSART_Receive_ISR
 This function uses a non-reentrant model


 *************** function _EUSART_RxDataHandler *****************
 Defined at:
		line 237 in file "mcc_generated_files/eusart.c"
 Parameters:    Size  Location     Type
		None
 Auto vars:     Size  Location     Type
		None
 Return value:  Size  Location     Type
                  1    wreg      void 
 Registers used:
		wreg, fsr1l, fsr1h, status,2, status,0
 Tracked objects:
		On entry : 
		On exit  : 
		Unchanged: 
 Data sizes:     COMMON   BANK0   BANK1   BANK2   BANK3   BANK4   BANK5   BANK6
      Params:         0       0       0       0       0       0       0       0
      Locals:         0       0       0       0       0       0       0       0
      Temps:          1       0       0       0       0       0       0       0
      Totals:         1       0       0       0       0       0       0       0
Total ram usage:        1 bytes
 Hardware stack levels used:    1
 This function calls:
		Nothing
 This function is called by:
		_EUSART_Receive_ISR
		_EUSART_DefaultErrorHandler
 This function uses a non-reentrant model


 *************** function _EUSART_Read *****************
 Defined at:
		line 148 in file "mcc_generated_files/eusart.c"
 Parameters:    Size  Location     Type
		None
 Auto vars:     Size  Location     Type
  readValue       1    1[COMMON] unsigned char 
 Return value:  Size  Location     Type
                  1    wreg      unsigned char 
 Registers used:
		wreg, fsr1l, fsr1h, status,2, status,0
 Tracked objects:
		On entry : 
		On exit  : 
		Unchanged: 
 Data sizes:     COMMON   BANK0   BANK1   BANK2   BANK3   BANK4   BANK5   BANK6
      Params:         0       0       0       0       0       0       0       0
      Locals:         1       0       0       0       0       0       0       0
      Temps:          1       0       0       0       0       0       0       0
      Totals:         2       0       0       0       0       0       0       0
Total ram usage:        2 bytes
 Hardware stack levels used:    1
 This function calls:
		Nothing
 This function is called by:
		_ReceivedMessage
 This function uses a non-reentrant model


 *************** function _INT_ISR *****************
 Defined at:
		line 39 in file "mcc_generated_files/ext_int.c"
 Parameters:    Size  Location     Type
		None
 Auto vars:     Size  Location     Type
		None
 Return value:  Size  Location     Type
                  1    wreg      void 
 Registers used:
		wreg, status,2, status,0, pclath, cstack
 Tracked objects:
		On entry : 
		On exit  : 
		Unchanged: 
 Data sizes:     COMMON   BANK0   BANK1   BANK2   BANK3   BANK4   BANK5   BANK6
      Params:         0       0       0       0       0       0       0       0
      Locals:         0       0       0       0       0       0       0       0
      Temps:          0       0       0       0       0       0       0       0
      Totals:         0       0       0       0       0       0       0       0
Total ram usage:        0 bytes
 Hardware stack levels used:    1
 Hardware stack levels required when called:    2
 This function calls:
		_INT_CallBack
 This function is called by:
		_INTERRUPT_InterruptManager
 This function uses a non-reentrant model


 *************** function _INT_CallBack *****************
 Defined at:
		line 48 in file "mcc_generated_files/ext_int.c"
 Parameters:    Size  Location     Type
		None
 Auto vars:     Size  Location     Type
		None
 Return value:  Size  Location     Type
                  1    wreg      void 
 Registers used:
		wreg, status,2, status,0, pclath, cstack
 Tracked objects:
		On entry : 
		On exit  : 
		Unchanged: 
 Data sizes:     COMMON   BANK0   BANK1   BANK2   BANK3   BANK4   BANK5   BANK6
      Params:         0       0       0       0       0       0       0       0
      Locals:         0       0       0       0       0       0       0       0
      Temps:          0       0       0       0       0       0       0       0
      Totals:         0       0       0       0       0       0       0       0
Total ram usage:        0 bytes
 Hardware stack levels used:    1
 Hardware stack levels required when called:    1
 This function calls:
		Absolute function
		_INT_DefaultInterruptHandler
 This function is called by:
		_INT_ISR
 This function uses a non-reentrant model


 *************** function _INT_DefaultInterruptHandler *****************
 Defined at:
		line 73 in file "mcc_generated_files/ext_int.c"
 Parameters:    Size  Location     Type
		None
 Auto vars:     Size  Location     Type
		None
 Return value:  Size  Location     Type
                  1    wreg      void 
 Registers used:
		None
 Tracked objects:
		On entry : 
		On exit  : 
		Unchanged: 
 Data sizes:     COMMON   BANK0   BANK1   BANK2   BANK3   BANK4   BANK5   BANK6
      Params:         0       0       0       0       0       0       0       0
      Locals:         0       0       0       0       0       0       0       0
      Temps:          0       0       0       0       0       0       0       0
      Totals:         0       0       0       0       0       0       0       0
Total ram usage:        0 bytes
 Hardware stack levels used:    1
 This function calls:
		Nothing
 This function is called by:
		_EXT_INT_Initialize
		_INT_CallBack
 This function uses a non-reentrant model


 *************** function _EUSART_Transmit_ISR *****************
 Defined at:
		line 194 in file "mcc_generated_files/eusart.c"
 Parameters:    Size  Location     Type
		None
 Auto vars:     Size  Location     Type
		None
 Return value:  Size  Location     Type
                  1    wreg      void 
 Registers used:
		wreg, fsr1l, fsr1h, status,2, status,0
 Tracked objects:
		On entry : 
		On exit  : 
		Unchanged: 
 Data sizes:     COMMON   BANK0   BANK1   BANK2   BANK3   BANK4   BANK5   BANK6
      Params:         0       0       0       0       0       0       0       0
      Locals:         0       0       0       0       0       0       0       0
      Temps:          1       0       0       0       0       0       0       0
      Totals:         1       0       0       0       0       0       0       0
Total ram usage:        1 bytes
 Hardware stack levels used:    1
 This function calls:
		Nothing
 This function is called by:
		_EUSART_Initialize
		_INTERRUPT_InterruptManager
 This function uses a non-reentrant model



MODULE INFORMATION

Module		Function		Class		Link	Load	Size
mcc_generated_files/mtouch/mtouch_button.c
		_MTOUCH_Button_Initialize		CODE           	0346	0000	56
		_MTOUCH_Button_InitializeAll		CODE           	051D	0000	30

mcc_generated_files/mtouch/mtouch_button.c estimated size: 86

uart.c
		_ReadyReceiveBuffer		CODE           	0722	0000	19
		_GetResponse   		CODE           	07FE	0000	3
		_SendString    		CODE           	053A	0000	30
		_INIT_SMART_LIGHT		CODE           	04E2	0000	31
		_ReceivedMessage		CODE           	037D	0000	55
		_blockingWait  		CODE           	05C7	0000	27

uart.c estimated size: 165

mcc_generated_files/tmr2.c
		_TMR2_Initialize		CODE           	07D6	0000	9

mcc_generated_files/tmr2.c estimated size: 9

mcc_generated_files/interrupt_manager.c
		_INTERRUPT_InterruptManager		CODE           	0004	0000	46

mcc_generated_files/interrupt_manager.c estimated size: 46

mcc_generated_files/tmr0.c
		_TMR0_SetInterruptHandler		CODE           	0FFA	0000	7
		_TMR0_DefaultInterruptHandler		CODE           	0002	0000	2
		_TMR0_CallBack 		CODE           	0641	0000	25
		_TMR0_ISR      		CODE           	03B3	0000	53
		_TMR0_Initialize		CODE           	0686	0000	22

mcc_generated_files/tmr0.c estimated size: 109

mcc_generated_files/mtouch/mtouch.c
		_MTOUCH_Initialize		CODE           	0775	0000	13

mcc_generated_files/mtouch/mtouch.c estimated size: 13

mcc_generated_files/pin_manager.c
		_PIN_MANAGER_Initialize		CODE           	0590	0000	29

mcc_generated_files/pin_manager.c estimated size: 29

C:\Program Files (x86)\Microchip\xc8\v2.05\pic\sources\c99\common\strlen.c
		_strlen        		CODE           	05E1	0000	25

C:\Program Files (x86)\Microchip\xc8\v2.05\pic\sources\c99\common\strlen.c estimated size: 25

C:\Program Files (x86)\Microchip\xc8\v2.05\pic\sources\c99\common\strchr.c
		_strchr        		CODE           	0670	0000	23

C:\Program Files (x86)\Microchip\xc8\v2.05\pic\sources\c99\common\strchr.c estimated size: 23

C:\Program Files (x86)\Microchip\xc8\v2.05\pic\sources\c99\common\strcpy.c
		_strcpy        		CODE           	0475	0000	38

C:\Program Files (x86)\Microchip\xc8\v2.05\pic\sources\c99\common\strcpy.c estimated size: 38

C:\Program Files (x86)\Microchip\xc8\v2.05\pic\sources\c99\common\isspace.c
		_isspace       		CODE           	0500	0000	30

C:\Program Files (x86)\Microchip\xc8\v2.05\pic\sources\c99\common\isspace.c estimated size: 30

C:\Program Files (x86)\Microchip\xc8\v2.05\pic\sources\c99\common\memset.c
		_memset        		CODE           	01D5	0000	151

C:\Program Files (x86)\Microchip\xc8\v2.05\pic\sources\c99\common\memset.c estimated size: 151

C:\Program Files (x86)\Microchip\xc8\v2.05\pic\sources\c99\common\strncmp.c
		_strncmp       		CODE           	026B	0000	83

C:\Program Files (x86)\Microchip\xc8\v2.05\pic\sources\c99\common\strncmp.c estimated size: 83

C:\Program Files (x86)\Microchip\xc8\v2.05\pic\sources\c99\common\Umul8.c
		___bmul        		CODE           	0710	0000	19

C:\Program Files (x86)\Microchip\xc8\v2.05\pic\sources\c99\common\Umul8.c estimated size: 19

mcc_generated_files/ext_int.c
		_INT_DefaultInterruptHandler		CODE           	0FDA	0000	2
		_EXT_INT_Initialize		CODE           	0781	0000	13
		_INT_SetInterruptHandler		CODE           	07A0	0000	10
		_INT_CallBack  		CODE           	0765	0000	17
		_INT_ISR       		CODE           	0FE8	0000	5

mcc_generated_files/ext_int.c estimated size: 47

shared
		Sensor_Scanfrequency_Evaluation@frequency_hop		STRCODE        	1000	0000	6
		_sensor_scan_group		STRCODE        	1005	0000	5
		_uart          		STRCODE        	06C4	0000	21
		__initialization		CODE           	0033	0000	85
		_mtouch_button_init		STRCODE        	0419	0000	49

shared estimated size: 166

mcc_generated_files/mcc.c
		_WDT_Initialize		CODE           	0FF0	0000	5
		_OSCILLATOR_Initialize		CODE           	0FF4	0000	7
		_SYSTEM_Initialize		CODE           	0611	0000	25

mcc_generated_files/mcc.c estimated size: 37

./LED.h
		_LED_DOWN_OFF  		CODE           	0FE2	0000	4
		_LED_OFF       		CODE           	07DE	0000	9
		_LED_UP_OFF    		CODE           	0FE5	0000	4

./LED.h estimated size: 17

C:\Program Files (x86)\Microchip\xc8\v2.05\pic\sources\c99\common\Umul16.c
		___wmul        		CODE           	0574	0000	29

C:\Program Files (x86)\Microchip\xc8\v2.05\pic\sources\c99\common\Umul16.c estimated size: 29

C:\Program Files (x86)\Microchip\xc8\v2.05\pic\sources\c99\common\atoi.c
		_atoi          		CODE           	013A	0000	156

C:\Program Files (x86)\Microchip\xc8\v2.05\pic\sources\c99\common\atoi.c estimated size: 156

mcc_generated_files/eusart.c
		_EUSART_SetRxInterruptHandler		CODE           	07CD	0000	10
		_EUSART_SetTxInterruptHandler		CODE           	07A9	0000	10
		_EUSART_Read   		CODE           	049A	0000	38
		_EUSART_DefaultOverrunErrorHandler		CODE           	0FEC	0000	5
		_EUSART_Write  		CODE           	04BF	0000	36
		_EUSART_DefaultErrorHandler		CODE           	0FDC	0000	4
		_EUSART_Transmit_ISR		CODE           	0557	0000	30
		_EUSART_Initialize		CODE           	0303	0000	68
		_EUSART_SetFramingErrorHandler		CODE           	07BB	0000	10
		_EUSART_SetErrorHandler		CODE           	07C4	0000	10
		_EUSART_SetOverrunErrorHandler		CODE           	07B2	0000	10
		_EUSART_Receive_ISR		CODE           	03E7	0000	51
		_EUSART_RxDataHandler		CODE           	0659	0000	24
		_EUSART_DefaultFramingErrorHandler		CODE           	0FDB	0000	2
		_EUSART_is_rx_ready		CODE           	0FDF	0000	4

mcc_generated_files/eusart.c estimated size: 312

C:\Program Files (x86)\Microchip\xc8\v2.05\pic\sources\c99\common\memcpy.c
		_memcpy        		CODE           	0449	0000	45

C:\Program Files (x86)\Microchip\xc8\v2.05\pic\sources\c99\common\memcpy.c estimated size: 45

main.c
		_main          		CODE           	008B	0000	176

main.c estimated size: 176

C:\Program Files (x86)\Microchip\xc8\v2.05\pic\sources\c99\common\strstr.c
		_strstr        		CODE           	02BD	0000	71

C:\Program Files (x86)\Microchip\xc8\v2.05\pic\sources\c99\common\strstr.c estimated size: 71

C:\Program Files (x86)\Microchip\xc8\v2.05\pic\sources\c99\common\isdigit.c
		_isdigit       		CODE           	05F9	0000	25

C:\Program Files (x86)\Microchip\xc8\v2.05\pic\sources\c99\common\isdigit.c estimated size: 25

mcc_generated_files/mtouch/mtouch_sensor.c
		_MTOUCH_Sensor_Initialize		CODE           	0629	0000	25
		_Sensor_Sampled_Reset		CODE           	0797	0000	10
		_MTOUCH_Sensor_InitializeAll		CODE           	0755	0000	17
		_MTOUCH_Sensor_Calibrate		CODE           	06EB	0000	20
		_MTOUCH_Sensor_Sampled_ResetAll		CODE           	069B	0000	22
		_MTOUCH_Sensor_Enable		CODE           	06D8	0000	20
		_MTOUCH_Sensor_Scan_Initialize		CODE           	0745	0000	17

mcc_generated_files/mtouch/mtouch_sensor.c estimated size: 131

